2026年 10月 08日 星期四 13:04:42 UTC
[xiangrugu:dev xiangrugu:dev-crs-verified-20261008 xiangrugu:dev-pre-value-v1-20261008T122211Z] sha256:121f86c85e784cd78d145c8bf7db36722c17472c055926f53ef096421bcd5f10
[xiangrugu:test xiangrugu:test-crs-verified-20261008 xiangrugu:test-pre-value-v1-20261008T122211Z] sha256:474da53d4fb0d7033ebe61eb74ac2b623cc7907b55b719fbc5f829270810a240
[xiangrugu:runtime xiangrugu:runtime-crs-verified-20261008 xiangrugu:runtime-pre-value-v1-20261008T122211Z] sha256:c15019fed0fba9a8319ab129d0b1be1814ac22e775c7dccf8083e01220b4cb78
/xiangrugu-dev 14b0d8dc5801e6e680ece510abec9c9d8405fa5a172311cbf4a2494bce82a5a4 2026-10-08T07:41:42.507592242Z true
/pg32 98418cb6f08a3c550fb5d36261bc618c006f0a07912437399778fdd4370b1a72 2026-10-08T04:52:10.350567648Z true
/pg32b 3d93fc7741f66f1f01aa250b25c4959addfe4c84df22ecbd0d0f82c13920c1fc 2026-10-08T04:52:10.358850436Z true
f23368e50c483ead97be6f8be1aaaf861f6593f4bfa7f4f8f9ab498cc7bc6aaa  datamgmt/src/xiangrugu_datamgmt/text_values.py
7ee42eedb0e73683df356f588378965acb534aab38fdff195a3a3f3fe08b919e  datamgmt/tests/unit/test_text_values.py
59c35b292a6862cbfa162b76a59760c54874442b911746ddeb20acc500963aba  datamgmt/tests/unit/test_text_source_probe.py
4465fc578bea7d833b3b3f42a27e89dccefa66c5360971371a0e08dbe8419184  scripts/prepare-text-source-values.py
8d504b66a03eee2e9f235722a25aa6ece3e46cbcd3322941c9225c37cf747377  datamgmt/contracts/releases/2026-10-06-bootstrap/sources.yaml
9d05e365e0baaa405614efb64a0e7413bc465ed31d63e655ded7cac58e985f7d  datamgmt/contracts/releases/2026-10-06-bootstrap/sources-metadata-review.draft.yaml
6f3d2fc6b189ac3208c8cd7e80a347750129916226668bfda3f20db7f88f2124  datamgmt/contracts/releases/2026-10-06-bootstrap/decoding.yaml
54f813f763dbe0700f27a9173e53e5b0aad07efeef28fec8ef196130d1326a87  datamgmt/contracts/releases/2026-10-06-bootstrap/assertions.yaml
0f379eee0eb120eb037cd63b73299cd79a9be6aee412b24ca5e04dac9bb03189  datamgmt/contracts/releases/2026-10-06-bootstrap/text-schema-approved.draft.yaml
CURRENT_ABSENT
4465fc578bea7d833b3b3f42a27e89dccefa66c5360971371a0e08dbe8419184  /app/scripts/prepare-text-source-values.py
f23368e50c483ead97be6f8be1aaaf861f6593f4bfa7f4f8f9ab498cc7bc6aaa  /usr/local/lib/python3.11/site-packages/xiangrugu_datamgmt/text_values.py
文件系统             1B的块        已用         可用 已用% 挂载点
/dev/sdb1      249893834752 43182989312 193942335488   19% /
BOUNDARIES_COMPLETE
