#0 building with "default" instance using docker driver

#1 [internal] load build definition from Dockerfile
#1 transferring dockerfile: 2.85kB done
#1 DONE 0.0s

#2 resolve image config for docker-image://docker.io/docker/dockerfile:1.7
#2 DONE 1.1s

#3 docker-image://docker.io/docker/dockerfile:1.7@sha256:a57df69d0ea827fb7266491f2813635de6f17269be881f696fbfdf2d83dda33e
#3 resolve docker.io/docker/dockerfile:1.7@sha256:a57df69d0ea827fb7266491f2813635de6f17269be881f696fbfdf2d83dda33e 0.0s done
#3 CACHED

#4 [internal] load metadata for docker.io/library/python:3.11.16-slim-bookworm@sha256:4b4c524dc3dce996864e030c7bd9c6b0e517597189fee48f48e05b499442444b
#4 DONE 2.3s

#5 [internal] load .dockerignore
#5 transferring context: 197B done
#5 DONE 0.0s

#6 [base 1/9] FROM docker.io/library/python:3.11.16-slim-bookworm@sha256:4b4c524dc3dce996864e030c7bd9c6b0e517597189fee48f48e05b499442444b
#6 resolve docker.io/library/python:3.11.16-slim-bookworm@sha256:4b4c524dc3dce996864e030c7bd9c6b0e517597189fee48f48e05b499442444b 0.0s done
#6 DONE 0.0s

#7 [base 2/9] WORKDIR /app
#7 CACHED

#8 [internal] load build context
#8 transferring context: 6.94kB done
#8 DONE 0.0s

#9 [base 3/9] RUN test "2026-10-07T17:28:04Z" != "unknown"     && printf '%s\n' "2026-10-07T17:28:04Z" | grep -Eq '^[0-9]{4}-[0-9]{2}-[0-9]{2}T[0-9]{2}:[0-9]{2}:[0-9]{2}Z$'     && test "1a34956fbcbe7877fbad04ee5a7ec9e3dd52bf05" != "unknown"     && printf '%s\n' "1a34956fbcbe7877fbad04ee5a7ec9e3dd52bf05" | grep -Eq '^[0-9a-f]{40}$'     && test "0.1.0" != "unknown"     && printf '%s\n' "dirty" | grep -Eq '^(clean|dirty)$'     && test "$(dpkg-query -W -f='${Version}' ca-certificates)" = "20250419~deb12u1"     && test "$(dpkg-query -W -f='${Version}' tzdata)" = "2026b-0+deb12u1"     && groupadd --gid 10001 xiangrugu     && useradd --uid 10001 --gid 10001 --create-home         --home-dir /home/xiangrugu --shell /usr/sbin/nologin xiangrugu
#9 DONE 0.6s

#10 [base 4/9] COPY datamgmt/requirements.lock /tmp/requirements.lock
#10 DONE 0.1s

#11 [base 5/9] RUN python -m pip install --disable-pip-version-check --no-cache-dir         --only-binary=:all: --require-hashes --requirement /tmp/requirements.lock     && rm /tmp/requirements.lock
#11 2.877 Collecting certifi==2026.7.22 (from -r /tmp/requirements.lock (line 9))
#11 3.756   Downloading certifi-2026.7.22-py3-none-any.whl (136 kB)
#11 4.338      ━━━━━━━━━━━━━━━━━━━━━━━━━━━━━━━━━━━━━ 137.0/137.0 kB 245.8 kB/s eta 0:00:00
#11 5.212 Collecting pyproj==3.7.2 (from -r /tmp/requirements.lock (line 12))
#11 5.434   Downloading pyproj-3.7.2-cp311-cp311-manylinux_2_28_x86_64.whl (9.5 MB)
#11 6.900      ━━━━━━━━━━━━━━━━━━━━━━━━━━━━━━━━━━━━━━━━ 9.5/9.5 MB 6.5 MB/s eta 0:00:00
#11 7.196 Collecting annotated-types==0.8.0 (from -r /tmp/requirements.lock (line 15))
#11 7.420   Downloading annotated_types-0.8.0-py3-none-any.whl (13 kB)
#11 7.725 Collecting psycopg==3.3.6 (from psycopg[binary]==3.3.6->-r /tmp/requirements.lock (line 19))
#11 7.947   Downloading psycopg-3.3.6-py3-none-any.whl (215 kB)
#11 7.955      ━━━━━━━━━━━━━━━━━━━━━━━━━━━━━━━━━━━━━━ 215.5/215.5 kB 69.4 MB/s eta 0:00:00
#11 8.749 Collecting psycopg-binary==3.3.6 (from -r /tmp/requirements.lock (line 23))
#11 8.972   Downloading psycopg_binary-3.3.6-cp311-cp311-manylinux2014_x86_64.manylinux_2_17_x86_64.whl (5.3 MB)
#11 9.292      ━━━━━━━━━━━━━━━━━━━━━━━━━━━━━━━━━━━━━━━━ 5.3/5.3 MB 16.6 MB/s eta 0:00:00
#11 9.817 Collecting pydantic==2.13.5 (from -r /tmp/requirements.lock (line 91))
#11 10.04   Downloading pydantic-2.13.5-py3-none-any.whl (472 kB)
#11 10.06      ━━━━━━━━━━━━━━━━━━━━━━━━━━━━━━━━━━━━━━ 472.6/472.6 kB 28.9 MB/s eta 0:00:00
#11 11.66 Collecting pydantic-core==2.46.5 (from -r /tmp/requirements.lock (line 95))
#11 11.88   Downloading pydantic_core-2.46.5-cp311-cp311-manylinux_2_17_x86_64.manylinux2014_x86_64.whl (2.1 MB)
#11 11.97      ━━━━━━━━━━━━━━━━━━━━━━━━━━━━━━━━━━━━━━━━ 2.1/2.1 MB 25.6 MB/s eta 0:00:00
#11 12.28 Collecting pyyaml==6.0.3 (from -r /tmp/requirements.lock (line 217))
#11 12.50   Downloading pyyaml-6.0.3-cp311-cp311-manylinux2014_x86_64.manylinux_2_17_x86_64.manylinux_2_28_x86_64.whl (806 kB)
#11 12.53      ━━━━━━━━━━━━━━━━━━━━━━━━━━━━━━━━━━━━━━ 806.6/806.6 kB 31.0 MB/s eta 0:00:00
#11 12.82 Collecting typing-extensions==4.16.0 (from -r /tmp/requirements.lock (line 292))
#11 13.04   Downloading typing_extensions-4.16.0-py3-none-any.whl (45 kB)
#11 13.05      ━━━━━━━━━━━━━━━━━━━━━━━━━━━━━━━━━━━━━━━━ 45.6/45.6 kB 29.6 MB/s eta 0:00:00
#11 13.30 Collecting typing-inspection==0.4.4 (from -r /tmp/requirements.lock (line 300))
#11 13.52   Downloading typing_inspection-0.4.4-py3-none-any.whl (14 kB)
#11 13.76 Installing collected packages: typing-extensions, pyyaml, psycopg-binary, certifi, annotated-types, typing-inspection, pyproj, pydantic-core, psycopg, pydantic
#11 14.81 Successfully installed annotated-types-0.8.0 certifi-2026.7.22 psycopg-3.3.6 psycopg-binary-3.3.6 pydantic-2.13.5 pydantic-core-2.46.5 pyproj-3.7.2 pyyaml-6.0.3 typing-extensions-4.16.0 typing-inspection-0.4.4
#11 DONE 15.5s

#12 [base 6/9] COPY datamgmt/pyproject.toml /app/datamgmt/pyproject.toml
#12 DONE 0.1s

#13 [base 7/9] COPY datamgmt/config/contract.schema.json /app/datamgmt/config/contract.schema.json
#13 DONE 0.1s

#14 [base 8/9] COPY datamgmt/src /app/datamgmt/src
#14 DONE 0.1s

#15 [base 9/9] RUN python -m pip install --disable-pip-version-check --no-cache-dir         --no-deps --no-build-isolation /app/datamgmt
#15 1.880 Processing ./datamgmt
#15 1.882   Preparing metadata (pyproject.toml): started
#15 2.965   Preparing metadata (pyproject.toml): finished with status 'done'
#15 2.969 Building wheels for collected packages: xiangrugu-datamgmt
#15 2.970   Building wheel for xiangrugu-datamgmt (pyproject.toml): started
#15 3.891   Building wheel for xiangrugu-datamgmt (pyproject.toml): finished with status 'done'
#15 3.892   Created wheel for xiangrugu-datamgmt: filename=xiangrugu_datamgmt-0.1.0-py3-none-any.whl size=31795 sha256=c25ce4ea562d982f6ce075100595ef5fe3667ef512a40f7a4fda510af3605971
#15 3.892   Stored in directory: /tmp/pip-ephem-wheel-cache-kwlli2eo/wheels/2b/5b/20/542e7f0cd3a870d95f0302065b28f11ca654a47b438dc9673f
#15 3.898 Successfully built xiangrugu-datamgmt
#15 3.898 Installing collected packages: xiangrugu-datamgmt
#15 3.961 Successfully installed xiangrugu-datamgmt-0.1.0
#15 DONE 4.1s

#16 [development 1/2] COPY datamgmt/requirements-dev.lock /tmp/requirements-dev.lock
#16 DONE 0.1s

#17 [development 2/2] RUN python -m pip install --disable-pip-version-check --no-cache-dir         --only-binary=:all: --require-hashes --requirement /tmp/requirements-dev.lock     && rm /tmp/requirements-dev.lock
#17 1.733 Requirement already satisfied: certifi==2026.7.22 in /usr/local/lib/python3.11/site-packages (from -r /tmp/requirements-dev.lock (line 9)) (2026.7.22)
#17 1.735 Requirement already satisfied: pyproj==3.7.2 in /usr/local/lib/python3.11/site-packages (from -r /tmp/requirements-dev.lock (line 12)) (3.7.2)
#17 1.739 Requirement already satisfied: annotated-types==0.8.0 in /usr/local/lib/python3.11/site-packages (from -r /tmp/requirements-dev.lock (line 15)) (0.8.0)
#17 2.629 Collecting iniconfig==2.3.0 (from -r /tmp/requirements-dev.lock (line 19))
#17 3.559   Downloading iniconfig-2.3.0-py3-none-any.whl (7.5 kB)
#17 3.607 Requirement already satisfied: packaging==26.3 in /usr/local/lib/python3.11/site-packages (from -r /tmp/requirements-dev.lock (line 23)) (26.3)
#17 3.882 Collecting pluggy==1.6.0 (from -r /tmp/requirements-dev.lock (line 27))
#17 4.080   Downloading pluggy-1.6.0-py3-none-any.whl (20 kB)
#17 4.178 Requirement already satisfied: psycopg==3.3.6 in /usr/local/lib/python3.11/site-packages (from psycopg[binary]==3.3.6->-r /tmp/requirements-dev.lock (line 31)) (3.3.6)
#17 4.184 Requirement already satisfied: psycopg-binary==3.3.6 in /usr/local/lib/python3.11/site-packages (from -r /tmp/requirements-dev.lock (line 35)) (3.3.6)
#17 4.197 Requirement already satisfied: pydantic==2.13.5 in /usr/local/lib/python3.11/site-packages (from -r /tmp/requirements-dev.lock (line 103)) (2.13.5)
#17 4.202 Requirement already satisfied: pydantic-core==2.46.5 in /usr/local/lib/python3.11/site-packages (from -r /tmp/requirements-dev.lock (line 107)) (2.46.5)
#17 4.555 Collecting pygments==2.21.0 (from -r /tmp/requirements-dev.lock (line 229))
#17 4.754   Downloading pygments-2.21.0-py3-none-any.whl (1.3 MB)
#17 5.796      ━━━━━━━━━━━━━━━━━━━━━━━━━━━━━━━━━━━━━━━━ 1.3/1.3 MB 1.3 MB/s eta 0:00:00
#17 6.263 Collecting pytest==9.1.1 (from -r /tmp/requirements-dev.lock (line 233))
#17 6.462   Downloading pytest-9.1.1-py3-none-any.whl (386 kB)
#17 6.508      ━━━━━━━━━━━━━━━━━━━━━━━━━━━━━━━━━━━━━━ 386.5/386.5 kB 11.7 MB/s eta 0:00:00
#17 6.522 Requirement already satisfied: pyyaml==6.0.3 in /usr/local/lib/python3.11/site-packages (from -r /tmp/requirements-dev.lock (line 237)) (6.0.3)
#17 6.525 Requirement already satisfied: typing-extensions==4.16.0 in /usr/local/lib/python3.11/site-packages (from -r /tmp/requirements-dev.lock (line 312)) (4.16.0)
#17 6.527 Requirement already satisfied: typing-inspection==0.4.4 in /usr/local/lib/python3.11/site-packages (from -r /tmp/requirements-dev.lock (line 320)) (0.4.4)
#17 6.720 Installing collected packages: pygments, pluggy, iniconfig, pytest
#17 7.714 Successfully installed iniconfig-2.3.0 pluggy-1.6.0 pygments-2.21.0 pytest-9.1.1
#17 DONE 7.9s

#18 exporting to image
#18 exporting layers
#18 exporting layers 3.7s done
#18 exporting manifest sha256:112332abd227a1a186207823111eadc57afa27ee1140fe8f79ac97994bade930 0.0s done
#18 exporting config sha256:da6ef9122d05d45b57c99a8d6f9efc6c78c45bd82af55a726a1abfeb3a245d02 0.0s done
#18 exporting attestation manifest sha256:ec3dd8c1659d977a83f6d569b8b37ac5218cefaf8bed4ce3d1cb5f77947eb492
#18 exporting attestation manifest sha256:ec3dd8c1659d977a83f6d569b8b37ac5218cefaf8bed4ce3d1cb5f77947eb492 0.0s done
#18 exporting manifest list sha256:121f86c85e784cd78d145c8bf7db36722c17472c055926f53ef096421bcd5f10 0.0s done
#18 naming to docker.io/library/xiangrugu:dev done
#18 unpacking to docker.io/library/xiangrugu:dev
#18 unpacking to docker.io/library/xiangrugu:dev 1.2s done
#18 DONE 5.1s
#0 building with "default" instance using docker driver

#1 [internal] load build definition from Dockerfile
#1 transferring dockerfile: 2.85kB done
#1 DONE 0.0s

#2 resolve image config for docker-image://docker.io/docker/dockerfile:1.7
#2 DONE 1.1s

#3 docker-image://docker.io/docker/dockerfile:1.7@sha256:a57df69d0ea827fb7266491f2813635de6f17269be881f696fbfdf2d83dda33e
#3 resolve docker.io/docker/dockerfile:1.7@sha256:a57df69d0ea827fb7266491f2813635de6f17269be881f696fbfdf2d83dda33e 0.1s done
#3 CACHED

#4 [internal] load metadata for docker.io/library/python:3.11.16-slim-bookworm@sha256:4b4c524dc3dce996864e030c7bd9c6b0e517597189fee48f48e05b499442444b
#4 DONE 0.0s

#5 [internal] load .dockerignore
#5 transferring context: 197B done
#5 DONE 0.0s

#6 [internal] load build context
#6 transferring context: 107.24kB 0.0s done
#6 DONE 0.0s

#7 [base 1/9] FROM docker.io/library/python:3.11.16-slim-bookworm@sha256:4b4c524dc3dce996864e030c7bd9c6b0e517597189fee48f48e05b499442444b
#7 resolve docker.io/library/python:3.11.16-slim-bookworm@sha256:4b4c524dc3dce996864e030c7bd9c6b0e517597189fee48f48e05b499442444b 0.0s done
#7 DONE 0.0s

#8 [base 5/9] RUN python -m pip install --disable-pip-version-check --no-cache-dir         --only-binary=:all: --require-hashes --requirement /tmp/requirements.lock     && rm /tmp/requirements.lock
#8 CACHED

#9 [base 8/9] COPY datamgmt/src /app/datamgmt/src
#9 CACHED

#10 [base 9/9] RUN python -m pip install --disable-pip-version-check --no-cache-dir         --no-deps --no-build-isolation /app/datamgmt
#10 CACHED

#11 [development 1/2] COPY datamgmt/requirements-dev.lock /tmp/requirements-dev.lock
#11 CACHED

#12 [base 2/9] WORKDIR /app
#12 CACHED

#13 [base 3/9] RUN test "2026-10-07T17:28:04Z" != "unknown"     && printf '%s\n' "2026-10-07T17:28:04Z" | grep -Eq '^[0-9]{4}-[0-9]{2}-[0-9]{2}T[0-9]{2}:[0-9]{2}:[0-9]{2}Z$'     && test "1a34956fbcbe7877fbad04ee5a7ec9e3dd52bf05" != "unknown"     && printf '%s\n' "1a34956fbcbe7877fbad04ee5a7ec9e3dd52bf05" | grep -Eq '^[0-9a-f]{40}$'     && test "0.1.0" != "unknown"     && printf '%s\n' "dirty" | grep -Eq '^(clean|dirty)$'     && test "$(dpkg-query -W -f='${Version}' ca-certificates)" = "20250419~deb12u1"     && test "$(dpkg-query -W -f='${Version}' tzdata)" = "2026b-0+deb12u1"     && groupadd --gid 10001 xiangrugu     && useradd --uid 10001 --gid 10001 --create-home         --home-dir /home/xiangrugu --shell /usr/sbin/nologin xiangrugu
#13 CACHED

#14 [base 4/9] COPY datamgmt/requirements.lock /tmp/requirements.lock
#14 CACHED

#15 [base 6/9] COPY datamgmt/pyproject.toml /app/datamgmt/pyproject.toml
#15 CACHED

#16 [base 7/9] COPY datamgmt/config/contract.schema.json /app/datamgmt/config/contract.schema.json
#16 CACHED

#17 [development 2/2] RUN python -m pip install --disable-pip-version-check --no-cache-dir         --only-binary=:all: --require-hashes --requirement /tmp/requirements-dev.lock     && rm /tmp/requirements-dev.lock
#17 CACHED

#18 [test 1/4] COPY datamgmt/config/roots.yaml /app/datamgmt/config/roots.yaml
#18 DONE 0.1s

#19 [test 2/4] COPY docker-compose.yml /app/docker-compose.yml
#19 DONE 0.1s

#20 [test 3/4] COPY scripts /app/scripts
#20 DONE 0.1s

#21 [test 4/4] COPY datamgmt/tests /app/datamgmt/tests
#21 DONE 0.1s

#22 exporting to image
#22 exporting layers
#22 exporting layers 0.6s done
#22 exporting manifest sha256:7ca5fbeb670f337e33fd2f49bb56cf70814f7d7dc7854544b7b8fa70a191dc5e 0.0s done
#22 exporting config sha256:6c9ee92531c8b25d9b304e966900c44fab048ac913c04bc7413e97005366e9ad 0.0s done
#22 exporting attestation manifest sha256:905228d44ad07de8eb9ae11dc6870f253c57eaacd9cd641fe925c8233b0354fd
#22 exporting attestation manifest sha256:905228d44ad07de8eb9ae11dc6870f253c57eaacd9cd641fe925c8233b0354fd 0.0s done
#22 exporting manifest list sha256:474da53d4fb0d7033ebe61eb74ac2b623cc7907b55b719fbc5f829270810a240 0.0s done
#22 naming to docker.io/library/xiangrugu:test 0.0s done
#22 unpacking to docker.io/library/xiangrugu:test
#22 unpacking to docker.io/library/xiangrugu:test 0.4s done
#22 DONE 1.2s
#0 building with "default" instance using docker driver

#1 [internal] load build definition from Dockerfile
#1 transferring dockerfile: 2.85kB done
#1 DONE 0.0s

#2 resolve image config for docker-image://docker.io/docker/dockerfile:1.7
#2 DONE 0.4s

#3 docker-image://docker.io/docker/dockerfile:1.7@sha256:a57df69d0ea827fb7266491f2813635de6f17269be881f696fbfdf2d83dda33e
#3 resolve docker.io/docker/dockerfile:1.7@sha256:a57df69d0ea827fb7266491f2813635de6f17269be881f696fbfdf2d83dda33e 0.1s done
#3 CACHED

#4 [internal] load metadata for docker.io/library/python:3.11.16-slim-bookworm@sha256:4b4c524dc3dce996864e030c7bd9c6b0e517597189fee48f48e05b499442444b
#4 DONE 0.0s

#5 [internal] load .dockerignore
#5 transferring context: 197B done
#5 DONE 0.0s

#6 [base 1/9] FROM docker.io/library/python:3.11.16-slim-bookworm@sha256:4b4c524dc3dce996864e030c7bd9c6b0e517597189fee48f48e05b499442444b
#6 resolve docker.io/library/python:3.11.16-slim-bookworm@sha256:4b4c524dc3dce996864e030c7bd9c6b0e517597189fee48f48e05b499442444b 0.0s done
#6 DONE 0.0s

#7 [internal] load build context
#7 transferring context: 1.40kB done
#7 DONE 0.0s

#8 [base 8/9] COPY datamgmt/src /app/datamgmt/src
#8 CACHED

#9 [base 2/9] WORKDIR /app
#9 CACHED

#10 [base 4/9] COPY datamgmt/requirements.lock /tmp/requirements.lock
#10 CACHED

#11 [base 5/9] RUN python -m pip install --disable-pip-version-check --no-cache-dir         --only-binary=:all: --require-hashes --requirement /tmp/requirements.lock     && rm /tmp/requirements.lock
#11 CACHED

#12 [base 6/9] COPY datamgmt/pyproject.toml /app/datamgmt/pyproject.toml
#12 CACHED

#13 [base 7/9] COPY datamgmt/config/contract.schema.json /app/datamgmt/config/contract.schema.json
#13 CACHED

#14 [base 3/9] RUN test "2026-10-07T17:28:04Z" != "unknown"     && printf '%s\n' "2026-10-07T17:28:04Z" | grep -Eq '^[0-9]{4}-[0-9]{2}-[0-9]{2}T[0-9]{2}:[0-9]{2}:[0-9]{2}Z$'     && test "1a34956fbcbe7877fbad04ee5a7ec9e3dd52bf05" != "unknown"     && printf '%s\n' "1a34956fbcbe7877fbad04ee5a7ec9e3dd52bf05" | grep -Eq '^[0-9a-f]{40}$'     && test "0.1.0" != "unknown"     && printf '%s\n' "dirty" | grep -Eq '^(clean|dirty)$'     && test "$(dpkg-query -W -f='${Version}' ca-certificates)" = "20250419~deb12u1"     && test "$(dpkg-query -W -f='${Version}' tzdata)" = "2026b-0+deb12u1"     && groupadd --gid 10001 xiangrugu     && useradd --uid 10001 --gid 10001 --create-home         --home-dir /home/xiangrugu --shell /usr/sbin/nologin xiangrugu
#14 CACHED

#15 [base 9/9] RUN python -m pip install --disable-pip-version-check --no-cache-dir         --no-deps --no-build-isolation /app/datamgmt
#15 CACHED

#16 exporting to image
#16 exporting layers done
#16 exporting manifest sha256:fe4da2ea8336c2e1d36998dfd2cad49d1980e759e899b529d8311ee7c6a56153 0.0s done
#16 exporting config sha256:bb9488ffe207a425fb768d8c9db9bad1f1b9343cb1a30a8c4e29366005e08809 0.0s done
#16 exporting attestation manifest sha256:b5c9cdfaa2e47999ae959f92b5ceb8d2f8ffd1b38f826f6b8d0650986ff09b1a
#16 exporting attestation manifest sha256:b5c9cdfaa2e47999ae959f92b5ceb8d2f8ffd1b38f826f6b8d0650986ff09b1a 0.1s done
#16 exporting manifest list sha256:c15019fed0fba9a8319ab129d0b1be1814ac22e775c7dccf8083e01220b4cb78 0.0s done
#16 naming to docker.io/library/xiangrugu:runtime done
#16 unpacking to docker.io/library/xiangrugu:runtime 0.1s done
#16 DONE 0.4s
No broken requirements found.
........................................................................ [ 24%]
........................................................................ [ 49%]
........................................................................ [ 73%]
........................................................................ [ 98%]
....                                                                     [100%]
292 passed in 4.42s
Task 1 image contract passed.
