#0 building with "default" instance using docker driver

#1 [internal] load build definition from Dockerfile
#1 transferring dockerfile: 2.85kB done
#1 DONE 0.0s

#2 resolve image config for docker-image://docker.io/docker/dockerfile:1.7
#2 DONE 2.0s

#3 docker-image://docker.io/docker/dockerfile:1.7@sha256:a57df69d0ea827fb7266491f2813635de6f17269be881f696fbfdf2d83dda33e
#3 resolve docker.io/docker/dockerfile:1.7@sha256:a57df69d0ea827fb7266491f2813635de6f17269be881f696fbfdf2d83dda33e 0.0s done
#3 CACHED

#4 [internal] load metadata for docker.io/library/python:3.11.16-slim-bookworm@sha256:4b4c524dc3dce996864e030c7bd9c6b0e517597189fee48f48e05b499442444b
#4 DONE 0.0s

#5 [internal] load .dockerignore
#5 transferring context: 197B done
#5 DONE 0.0s

#6 [base 1/9] FROM docker.io/library/python:3.11.16-slim-bookworm@sha256:4b4c524dc3dce996864e030c7bd9c6b0e517597189fee48f48e05b499442444b
#6 resolve docker.io/library/python:3.11.16-slim-bookworm@sha256:4b4c524dc3dce996864e030c7bd9c6b0e517597189fee48f48e05b499442444b 0.0s done
#6 DONE 0.1s

#7 [base 2/9] WORKDIR /app
#7 CACHED

#8 [internal] load build context
#8 transferring context: 43.58kB 0.0s done
#8 DONE 0.1s

#9 [base 3/9] RUN test "2026-10-08T12:30:00Z" != "unknown"     && printf '%s\n' "2026-10-08T12:30:00Z" | grep -Eq '^[0-9]{4}-[0-9]{2}-[0-9]{2}T[0-9]{2}:[0-9]{2}:[0-9]{2}Z$'     && test "1a34956fbcbe7877fbad04ee5a7ec9e3dd52bf05" != "unknown"     && printf '%s\n' "1a34956fbcbe7877fbad04ee5a7ec9e3dd52bf05" | grep -Eq '^[0-9a-f]{40}$'     && test "0.1.0" != "unknown"     && printf '%s\n' "dirty" | grep -Eq '^(clean|dirty)$'     && test "$(dpkg-query -W -f='${Version}' ca-certificates)" = "20250419~deb12u1"     && test "$(dpkg-query -W -f='${Version}' tzdata)" = "2026b-0+deb12u1"     && groupadd --gid 10001 xiangrugu     && useradd --uid 10001 --gid 10001 --create-home         --home-dir /home/xiangrugu --shell /usr/sbin/nologin xiangrugu
#9 DONE 0.6s

#10 [base 4/9] COPY datamgmt/requirements.lock /tmp/requirements.lock
#10 DONE 0.1s

#11 [base 5/9] RUN python -m pip install --disable-pip-version-check --no-cache-dir         --only-binary=:all: --require-hashes --requirement /tmp/requirements.lock     && rm /tmp/requirements.lock
#11 3.047 Collecting certifi==2026.7.22 (from -r /tmp/requirements.lock (line 9))
#11 3.814   Downloading certifi-2026.7.22-py3-none-any.whl (136 kB)
#11 4.354      ━━━━━━━━━━━━━━━━━━━━━━━━━━━━━━━━━━━━━ 137.0/137.0 kB 289.8 kB/s eta 0:00:00
#11 5.117 Collecting pyproj==3.7.2 (from -r /tmp/requirements.lock (line 12))
#11 5.313   Downloading pyproj-3.7.2-cp311-cp311-manylinux_2_28_x86_64.whl (9.5 MB)
#11 6.590      ━━━━━━━━━━━━━━━━━━━━━━━━━━━━━━━━━━━━━━━━ 9.5/9.5 MB 7.5 MB/s eta 0:00:00
#11 6.867 Collecting annotated-types==0.8.0 (from -r /tmp/requirements.lock (line 15))
#11 7.060   Downloading annotated_types-0.8.0-py3-none-any.whl (13 kB)
#11 7.326 Collecting psycopg==3.3.6 (from psycopg[binary]==3.3.6->-r /tmp/requirements.lock (line 19))
#11 7.518   Downloading psycopg-3.3.6-py3-none-any.whl (215 kB)
#11 7.535      ━━━━━━━━━━━━━━━━━━━━━━━━━━━━━━━━━━━━━━ 215.5/215.5 kB 43.6 MB/s eta 0:00:00
#11 8.273 Collecting psycopg-binary==3.3.6 (from -r /tmp/requirements.lock (line 23))
#11 8.466   Downloading psycopg_binary-3.3.6-cp311-cp311-manylinux2014_x86_64.manylinux_2_17_x86_64.whl (5.3 MB)
#11 8.740      ━━━━━━━━━━━━━━━━━━━━━━━━━━━━━━━━━━━━━━━━ 5.3/5.3 MB 19.8 MB/s eta 0:00:00
#11 9.213 Collecting pydantic==2.13.5 (from -r /tmp/requirements.lock (line 91))
#11 9.406   Downloading pydantic-2.13.5-py3-none-any.whl (472 kB)
#11 9.433      ━━━━━━━━━━━━━━━━━━━━━━━━━━━━━━━━━━━━━━ 472.6/472.6 kB 31.3 MB/s eta 0:00:00
#11 10.93 Collecting pydantic-core==2.46.5 (from -r /tmp/requirements.lock (line 95))
#11 11.12   Downloading pydantic_core-2.46.5-cp311-cp311-manylinux_2_17_x86_64.manylinux2014_x86_64.whl (2.1 MB)
#11 11.21      ━━━━━━━━━━━━━━━━━━━━━━━━━━━━━━━━━━━━━━━━ 2.1/2.1 MB 24.5 MB/s eta 0:00:00
#11 11.48 Collecting pyyaml==6.0.3 (from -r /tmp/requirements.lock (line 217))
#11 11.68   Downloading pyyaml-6.0.3-cp311-cp311-manylinux2014_x86_64.manylinux_2_17_x86_64.manylinux_2_28_x86_64.whl (806 kB)
#11 11.71      ━━━━━━━━━━━━━━━━━━━━━━━━━━━━━━━━━━━━━━ 806.6/806.6 kB 34.2 MB/s eta 0:00:00
#11 11.95 Collecting typing-extensions==4.16.0 (from -r /tmp/requirements.lock (line 292))
#11 12.15   Downloading typing_extensions-4.16.0-py3-none-any.whl (45 kB)
#11 12.16      ━━━━━━━━━━━━━━━━━━━━━━━━━━━━━━━━━━━━━━━━ 45.6/45.6 kB 35.1 MB/s eta 0:00:00
#11 12.40 Collecting typing-inspection==0.4.4 (from -r /tmp/requirements.lock (line 300))
#11 12.59   Downloading typing_inspection-0.4.4-py3-none-any.whl (14 kB)
#11 12.84 Installing collected packages: typing-extensions, pyyaml, psycopg-binary, certifi, annotated-types, typing-inspection, pyproj, pydantic-core, psycopg, pydantic
#11 13.82 Successfully installed annotated-types-0.8.0 certifi-2026.7.22 psycopg-3.3.6 psycopg-binary-3.3.6 pydantic-2.13.5 pydantic-core-2.46.5 pyproj-3.7.2 pyyaml-6.0.3 typing-extensions-4.16.0 typing-inspection-0.4.4
#11 DONE 14.6s

#12 [base 6/9] COPY datamgmt/pyproject.toml /app/datamgmt/pyproject.toml
#12 DONE 0.1s

#13 [base 7/9] COPY datamgmt/config/contract.schema.json /app/datamgmt/config/contract.schema.json
#13 DONE 0.1s

#14 [base 8/9] COPY datamgmt/src /app/datamgmt/src
#14 DONE 0.2s

#15 [base 9/9] RUN python -m pip install --disable-pip-version-check --no-cache-dir         --no-deps --no-build-isolation /app/datamgmt
#15 1.895 Processing ./datamgmt
#15 1.897   Preparing metadata (pyproject.toml): started
#15 2.805   Preparing metadata (pyproject.toml): finished with status 'done'
#15 2.810 Building wheels for collected packages: xiangrugu-datamgmt
#15 2.811   Building wheel for xiangrugu-datamgmt (pyproject.toml): started
#15 3.766   Building wheel for xiangrugu-datamgmt (pyproject.toml): finished with status 'done'
#15 3.767   Created wheel for xiangrugu-datamgmt: filename=xiangrugu_datamgmt-0.1.0-py3-none-any.whl size=36505 sha256=3d5527ecafa8e1b86ba01d7f83c715421a87697e196827493a2cdd70141f76c2
#15 3.767   Stored in directory: /tmp/pip-ephem-wheel-cache-ff3brii0/wheels/2b/5b/20/542e7f0cd3a870d95f0302065b28f11ca654a47b438dc9673f
#15 3.771 Successfully built xiangrugu-datamgmt
#15 3.771 Installing collected packages: xiangrugu-datamgmt
#15 3.833 Successfully installed xiangrugu-datamgmt-0.1.0
#15 DONE 4.0s

#16 [development 1/2] COPY datamgmt/requirements-dev.lock /tmp/requirements-dev.lock
#16 DONE 0.2s

#17 [development 2/2] RUN python -m pip install --disable-pip-version-check --no-cache-dir         --only-binary=:all: --require-hashes --requirement /tmp/requirements-dev.lock     && rm /tmp/requirements-dev.lock
#17 1.824 Requirement already satisfied: certifi==2026.7.22 in /usr/local/lib/python3.11/site-packages (from -r /tmp/requirements-dev.lock (line 9)) (2026.7.22)
#17 1.825 Requirement already satisfied: pyproj==3.7.2 in /usr/local/lib/python3.11/site-packages (from -r /tmp/requirements-dev.lock (line 12)) (3.7.2)
#17 1.829 Requirement already satisfied: annotated-types==0.8.0 in /usr/local/lib/python3.11/site-packages (from -r /tmp/requirements-dev.lock (line 15)) (0.8.0)
#17 2.702 Collecting iniconfig==2.3.0 (from -r /tmp/requirements-dev.lock (line 19))
#17 3.522   Downloading iniconfig-2.3.0-py3-none-any.whl (7.5 kB)
#17 3.560 Requirement already satisfied: packaging==26.3 in /usr/local/lib/python3.11/site-packages (from -r /tmp/requirements-dev.lock (line 23)) (26.3)
#17 3.829 Collecting pluggy==1.6.0 (from -r /tmp/requirements-dev.lock (line 27))
#17 4.052   Downloading pluggy-1.6.0-py3-none-any.whl (20 kB)
#17 4.138 Requirement already satisfied: psycopg==3.3.6 in /usr/local/lib/python3.11/site-packages (from psycopg[binary]==3.3.6->-r /tmp/requirements-dev.lock (line 31)) (3.3.6)
#17 4.139 Requirement already satisfied: psycopg-binary==3.3.6 in /usr/local/lib/python3.11/site-packages (from -r /tmp/requirements-dev.lock (line 35)) (3.3.6)
#17 4.145 Requirement already satisfied: pydantic==2.13.5 in /usr/local/lib/python3.11/site-packages (from -r /tmp/requirements-dev.lock (line 103)) (2.13.5)
#17 4.147 Requirement already satisfied: pydantic-core==2.46.5 in /usr/local/lib/python3.11/site-packages (from -r /tmp/requirements-dev.lock (line 107)) (2.46.5)
#17 4.497 Collecting pygments==2.21.0 (from -r /tmp/requirements-dev.lock (line 229))
#17 4.693   Downloading pygments-2.21.0-py3-none-any.whl (1.3 MB)
#17 5.780      ━━━━━━━━━━━━━━━━━━━━━━━━━━━━━━━━━━━━━━━━ 1.3/1.3 MB 1.2 MB/s eta 0:00:00
#17 6.265 Collecting pytest==9.1.1 (from -r /tmp/requirements-dev.lock (line 233))
#17 6.461   Downloading pytest-9.1.1-py3-none-any.whl (386 kB)
#17 6.509      ━━━━━━━━━━━━━━━━━━━━━━━━━━━━━━━━━━━━━━ 386.5/386.5 kB 10.7 MB/s eta 0:00:00
#17 6.522 Requirement already satisfied: pyyaml==6.0.3 in /usr/local/lib/python3.11/site-packages (from -r /tmp/requirements-dev.lock (line 237)) (6.0.3)
#17 6.525 Requirement already satisfied: typing-extensions==4.16.0 in /usr/local/lib/python3.11/site-packages (from -r /tmp/requirements-dev.lock (line 312)) (4.16.0)
#17 6.528 Requirement already satisfied: typing-inspection==0.4.4 in /usr/local/lib/python3.11/site-packages (from -r /tmp/requirements-dev.lock (line 320)) (0.4.4)
#17 6.720 Installing collected packages: pygments, pluggy, iniconfig, pytest
#17 7.701 Successfully installed iniconfig-2.3.0 pluggy-1.6.0 pygments-2.21.0 pytest-9.1.1
#17 DONE 7.9s

#18 exporting to image
#18 exporting layers
#18 exporting layers 3.5s done
#18 exporting manifest sha256:7d5b498db85b5f161340d5938ff61cca79b24142e41e493293df6a273efdf5c6 0.1s done
#18 exporting config sha256:3859725cd6679afc4abca4805314f775aab0dd742d37c896232d5de0ce70430e 0.0s done
#18 exporting attestation manifest sha256:ef941cce6bb71e0a41953083d5d9f7e8c2bba2450b560be1df8530edb5570d05 0.0s done
#18 exporting manifest list sha256:2e0ebd5cdc13630d423449e8ee78f80ab82a5df73764e3e16f9cb48a1a603835 0.0s done
#18 naming to docker.io/library/xiangrugu:dev-value-v1-final-20261008T1230Z
#18 naming to docker.io/library/xiangrugu:dev-value-v1-final-20261008T1230Z 0.0s done
#18 unpacking to docker.io/library/xiangrugu:dev-value-v1-final-20261008T1230Z
#18 unpacking to docker.io/library/xiangrugu:dev-value-v1-final-20261008T1230Z 1.2s done
#18 DONE 4.9s
#0 building with "default" instance using docker driver

#1 [internal] load build definition from Dockerfile
#1 transferring dockerfile: 2.85kB done
#1 DONE 0.0s

#2 resolve image config for docker-image://docker.io/docker/dockerfile:1.7
#2 DONE 1.1s

#3 docker-image://docker.io/docker/dockerfile:1.7@sha256:a57df69d0ea827fb7266491f2813635de6f17269be881f696fbfdf2d83dda33e
#3 resolve docker.io/docker/dockerfile:1.7@sha256:a57df69d0ea827fb7266491f2813635de6f17269be881f696fbfdf2d83dda33e 0.1s done
#3 CACHED

#4 [internal] load metadata for docker.io/library/python:3.11.16-slim-bookworm@sha256:4b4c524dc3dce996864e030c7bd9c6b0e517597189fee48f48e05b499442444b
#4 DONE 0.0s

#5 [internal] load .dockerignore
#5 transferring context: 197B done
#5 DONE 0.0s

#6 [internal] load build context
#6 transferring context: 126.93kB 0.0s done
#6 DONE 0.0s

#7 [base 1/9] FROM docker.io/library/python:3.11.16-slim-bookworm@sha256:4b4c524dc3dce996864e030c7bd9c6b0e517597189fee48f48e05b499442444b
#7 resolve docker.io/library/python:3.11.16-slim-bookworm@sha256:4b4c524dc3dce996864e030c7bd9c6b0e517597189fee48f48e05b499442444b 0.0s done
#7 DONE 0.0s

#8 [base 4/9] COPY datamgmt/requirements.lock /tmp/requirements.lock
#8 CACHED

#9 [base 3/9] RUN test "2026-10-08T12:30:00Z" != "unknown"     && printf '%s\n' "2026-10-08T12:30:00Z" | grep -Eq '^[0-9]{4}-[0-9]{2}-[0-9]{2}T[0-9]{2}:[0-9]{2}:[0-9]{2}Z$'     && test "1a34956fbcbe7877fbad04ee5a7ec9e3dd52bf05" != "unknown"     && printf '%s\n' "1a34956fbcbe7877fbad04ee5a7ec9e3dd52bf05" | grep -Eq '^[0-9a-f]{40}$'     && test "0.1.0" != "unknown"     && printf '%s\n' "dirty" | grep -Eq '^(clean|dirty)$'     && test "$(dpkg-query -W -f='${Version}' ca-certificates)" = "20250419~deb12u1"     && test "$(dpkg-query -W -f='${Version}' tzdata)" = "2026b-0+deb12u1"     && groupadd --gid 10001 xiangrugu     && useradd --uid 10001 --gid 10001 --create-home         --home-dir /home/xiangrugu --shell /usr/sbin/nologin xiangrugu
#9 CACHED

#10 [base 5/9] RUN python -m pip install --disable-pip-version-check --no-cache-dir         --only-binary=:all: --require-hashes --requirement /tmp/requirements.lock     && rm /tmp/requirements.lock
#10 CACHED

#11 [base 7/9] COPY datamgmt/config/contract.schema.json /app/datamgmt/config/contract.schema.json
#11 CACHED

#12 [base 8/9] COPY datamgmt/src /app/datamgmt/src
#12 CACHED

#13 [development 1/2] COPY datamgmt/requirements-dev.lock /tmp/requirements-dev.lock
#13 CACHED

#14 [base 2/9] WORKDIR /app
#14 CACHED

#15 [base 6/9] COPY datamgmt/pyproject.toml /app/datamgmt/pyproject.toml
#15 CACHED

#16 [base 9/9] RUN python -m pip install --disable-pip-version-check --no-cache-dir         --no-deps --no-build-isolation /app/datamgmt
#16 CACHED

#17 [development 2/2] RUN python -m pip install --disable-pip-version-check --no-cache-dir         --only-binary=:all: --require-hashes --requirement /tmp/requirements-dev.lock     && rm /tmp/requirements-dev.lock
#17 CACHED

#18 [test 1/4] COPY datamgmt/config/roots.yaml /app/datamgmt/config/roots.yaml
#18 DONE 0.1s

#19 [test 2/4] COPY docker-compose.yml /app/docker-compose.yml
#19 DONE 0.1s

#20 [test 3/4] COPY scripts /app/scripts
#20 DONE 0.1s

#21 [test 4/4] COPY datamgmt/tests /app/datamgmt/tests
#21 DONE 0.2s

#22 exporting to image
#22 exporting layers
#22 exporting layers 0.7s done
#22 exporting manifest sha256:2ed9426474b68b89cae612d4ba85ff7f944860210a5d0250e015ee84c33866fc 0.0s done
#22 exporting config sha256:73ff2084352f0f287256b7d4cb0447afe44588eb5b8fe8e592ba3086fa48dc8e 0.0s done
#22 exporting attestation manifest sha256:1e2074690ec48895178999febeff7af571f7ffe4cc46f38858d216c9670f7729
#22 exporting attestation manifest sha256:1e2074690ec48895178999febeff7af571f7ffe4cc46f38858d216c9670f7729 0.0s done
#22 exporting manifest list sha256:570feb4ae317e9087a57ac40309d031e88a21585c752afa57f4a3482ae4c92a7 0.0s done
#22 naming to docker.io/library/xiangrugu:test-value-v1-final-20261008T1230Z 0.0s done
#22 unpacking to docker.io/library/xiangrugu:test-value-v1-final-20261008T1230Z
#22 unpacking to docker.io/library/xiangrugu:test-value-v1-final-20261008T1230Z 0.3s done
#22 DONE 1.3s
#0 building with "default" instance using docker driver

#1 [internal] load build definition from Dockerfile
#1 transferring dockerfile: 2.85kB done
#1 DONE 0.0s

#2 resolve image config for docker-image://docker.io/docker/dockerfile:1.7
#2 DONE 0.4s

#3 docker-image://docker.io/docker/dockerfile:1.7@sha256:a57df69d0ea827fb7266491f2813635de6f17269be881f696fbfdf2d83dda33e
#3 resolve docker.io/docker/dockerfile:1.7@sha256:a57df69d0ea827fb7266491f2813635de6f17269be881f696fbfdf2d83dda33e 0.1s done
#3 CACHED

#4 [internal] load metadata for docker.io/library/python:3.11.16-slim-bookworm@sha256:4b4c524dc3dce996864e030c7bd9c6b0e517597189fee48f48e05b499442444b
#4 DONE 0.0s

#5 [internal] load .dockerignore
#5 transferring context: 197B done
#5 DONE 0.0s

#6 [internal] load build context
#6 DONE 0.0s

#7 [base 1/9] FROM docker.io/library/python:3.11.16-slim-bookworm@sha256:4b4c524dc3dce996864e030c7bd9c6b0e517597189fee48f48e05b499442444b
#7 resolve docker.io/library/python:3.11.16-slim-bookworm@sha256:4b4c524dc3dce996864e030c7bd9c6b0e517597189fee48f48e05b499442444b 0.0s done
#7 DONE 0.0s

#6 [internal] load build context
#6 transferring context: 1.52kB done
#6 DONE 0.0s

#8 [base 3/9] RUN test "2026-10-08T12:30:00Z" != "unknown"     && printf '%s\n' "2026-10-08T12:30:00Z" | grep -Eq '^[0-9]{4}-[0-9]{2}-[0-9]{2}T[0-9]{2}:[0-9]{2}:[0-9]{2}Z$'     && test "1a34956fbcbe7877fbad04ee5a7ec9e3dd52bf05" != "unknown"     && printf '%s\n' "1a34956fbcbe7877fbad04ee5a7ec9e3dd52bf05" | grep -Eq '^[0-9a-f]{40}$'     && test "0.1.0" != "unknown"     && printf '%s\n' "dirty" | grep -Eq '^(clean|dirty)$'     && test "$(dpkg-query -W -f='${Version}' ca-certificates)" = "20250419~deb12u1"     && test "$(dpkg-query -W -f='${Version}' tzdata)" = "2026b-0+deb12u1"     && groupadd --gid 10001 xiangrugu     && useradd --uid 10001 --gid 10001 --create-home         --home-dir /home/xiangrugu --shell /usr/sbin/nologin xiangrugu
#8 CACHED

#9 [base 8/9] COPY datamgmt/src /app/datamgmt/src
#9 CACHED

#10 [base 5/9] RUN python -m pip install --disable-pip-version-check --no-cache-dir         --only-binary=:all: --require-hashes --requirement /tmp/requirements.lock     && rm /tmp/requirements.lock
#10 CACHED

#11 [base 6/9] COPY datamgmt/pyproject.toml /app/datamgmt/pyproject.toml
#11 CACHED

#12 [base 2/9] WORKDIR /app
#12 CACHED

#13 [base 4/9] COPY datamgmt/requirements.lock /tmp/requirements.lock
#13 CACHED

#14 [base 7/9] COPY datamgmt/config/contract.schema.json /app/datamgmt/config/contract.schema.json
#14 CACHED

#15 [base 9/9] RUN python -m pip install --disable-pip-version-check --no-cache-dir         --no-deps --no-build-isolation /app/datamgmt
#15 CACHED

#16 exporting to image
#16 exporting layers done
#16 exporting manifest sha256:7a958d53c9b4b604570aa1aaa35339a4725934b439e7dfeea19b3502b1bf6366 0.0s done
#16 exporting config sha256:7a20a309575607c75dc7b155e1513d67e9e71fab1440e8568261b946e365530c
#16 exporting config sha256:7a20a309575607c75dc7b155e1513d67e9e71fab1440e8568261b946e365530c 0.0s done
#16 exporting attestation manifest sha256:a56a603d7eb665799a29f965723256e4f3dca549cfee961ece958153fdb1a972 0.1s done
#16 exporting manifest list sha256:fdee8599f754466d37994dee75e483d422d9f4fff2c048ebf9d48e0182980f13 0.0s done
#16 naming to docker.io/library/xiangrugu:runtime-value-v1-final-20261008T1230Z done
#16 unpacking to docker.io/library/xiangrugu:runtime-value-v1-final-20261008T1230Z 0.1s done
#16 DONE 0.4s
