#0 building with "default" instance using docker driver

#1 [internal] load build definition from Dockerfile
#1 transferring dockerfile: 2.85kB done
#1 DONE 0.0s

#2 resolve image config for docker-image://docker.io/docker/dockerfile:1.7
#2 DONE 1.3s

#3 docker-image://docker.io/docker/dockerfile:1.7@sha256:a57df69d0ea827fb7266491f2813635de6f17269be881f696fbfdf2d83dda33e
#3 resolve docker.io/docker/dockerfile:1.7@sha256:a57df69d0ea827fb7266491f2813635de6f17269be881f696fbfdf2d83dda33e 0.0s done
#3 CACHED

#4 [internal] load metadata for docker.io/library/python:3.11.16-slim-bookworm@sha256:4b4c524dc3dce996864e030c7bd9c6b0e517597189fee48f48e05b499442444b
#4 DONE 0.0s

#5 [internal] load .dockerignore
#5 transferring context: 197B done
#5 DONE 0.0s

#6 [base 1/9] FROM docker.io/library/python:3.11.16-slim-bookworm@sha256:4b4c524dc3dce996864e030c7bd9c6b0e517597189fee48f48e05b499442444b
#6 resolve docker.io/library/python:3.11.16-slim-bookworm@sha256:4b4c524dc3dce996864e030c7bd9c6b0e517597189fee48f48e05b499442444b 0.0s done
#6 DONE 0.0s

#7 [internal] load build context
#7 transferring context: 1.59kB 0.0s done
#7 DONE 0.0s

#8 [base 4/9] COPY datamgmt/requirements.lock /tmp/requirements.lock
#8 CACHED

#9 [base 6/9] COPY datamgmt/pyproject.toml /app/datamgmt/pyproject.toml
#9 CACHED

#10 [base 5/9] RUN python -m pip install --disable-pip-version-check --no-cache-dir         --only-binary=:all: --require-hashes --requirement /tmp/requirements.lock     && rm /tmp/requirements.lock
#10 CACHED

#11 [base 7/9] COPY datamgmt/config/contract.schema.json /app/datamgmt/config/contract.schema.json
#11 CACHED

#12 [base 2/9] WORKDIR /app
#12 CACHED

#13 [base 3/9] RUN test "2026-10-08T14:47:09Z" != "unknown"     && printf '%s\n' "2026-10-08T14:47:09Z" | grep -Eq '^[0-9]{4}-[0-9]{2}-[0-9]{2}T[0-9]{2}:[0-9]{2}:[0-9]{2}Z$'     && test "1a34956fbcbe7877fbad04ee5a7ec9e3dd52bf05" != "unknown"     && printf '%s\n' "1a34956fbcbe7877fbad04ee5a7ec9e3dd52bf05" | grep -Eq '^[0-9a-f]{40}$'     && test "0.1.0" != "unknown"     && printf '%s\n' "dirty" | grep -Eq '^(clean|dirty)$'     && test "$(dpkg-query -W -f='${Version}' ca-certificates)" = "20250419~deb12u1"     && test "$(dpkg-query -W -f='${Version}' tzdata)" = "2026b-0+deb12u1"     && groupadd --gid 10001 xiangrugu     && useradd --uid 10001 --gid 10001 --create-home         --home-dir /home/xiangrugu --shell /usr/sbin/nologin xiangrugu
#13 CACHED

#14 [base 8/9] COPY datamgmt/src /app/datamgmt/src
#14 CACHED

#15 [base 9/9] RUN python -m pip install --disable-pip-version-check --no-cache-dir         --no-deps --no-build-isolation /app/datamgmt
#15 CACHED

#16 exporting to image
#16 exporting layers 0.0s done
#16 exporting manifest sha256:ec34e18268a5f1b3bac74df180a812bfa6caaae15be6cc2c4440d789414071f8 0.0s done
#16 exporting config sha256:bf44a9e6a212140e6ab203e279a12444a27751207f68c6aecb0d8400679bf848 0.0s done
#16 exporting attestation manifest sha256:bb1519f3c6a62249ed13bb8cf26844e57f355927a4ee5ca8a3d84ff911ceeccd 0.1s done
#16 exporting manifest list sha256:a0db75fe65479bd8172fe9374cc18e3a8d109319e74b791c9a19cb294906c738 0.0s done
#16 naming to docker.io/library/xiangrugu:runtime-schema-final-20261008T144709Z
#16 naming to docker.io/library/xiangrugu:runtime-schema-final-20261008T144709Z done
#16 unpacking to docker.io/library/xiangrugu:runtime-schema-final-20261008T144709Z 0.1s done
#16 DONE 0.4s
