#0 building with "default" instance using docker driver

#1 [internal] load build definition from Dockerfile
#1 transferring dockerfile: 2.85kB done
#1 DONE 0.0s

#2 resolve image config for docker-image://docker.io/docker/dockerfile:1.7
#2 DONE 2.6s

#3 docker-image://docker.io/docker/dockerfile:1.7@sha256:a57df69d0ea827fb7266491f2813635de6f17269be881f696fbfdf2d83dda33e
#3 resolve docker.io/docker/dockerfile:1.7@sha256:a57df69d0ea827fb7266491f2813635de6f17269be881f696fbfdf2d83dda33e 0.0s done
#3 CACHED

#4 [internal] load metadata for docker.io/library/python:3.11.16-slim-bookworm@sha256:4b4c524dc3dce996864e030c7bd9c6b0e517597189fee48f48e05b499442444b
#4 DONE 1.9s

#5 [internal] load .dockerignore
#5 transferring context: 197B done
#5 DONE 0.0s

#6 [internal] load build context
#6 transferring context: 205.37kB 0.0s done
#6 DONE 0.0s

#7 [base 1/9] FROM docker.io/library/python:3.11.16-slim-bookworm@sha256:4b4c524dc3dce996864e030c7bd9c6b0e517597189fee48f48e05b499442444b
#7 resolve docker.io/library/python:3.11.16-slim-bookworm@sha256:4b4c524dc3dce996864e030c7bd9c6b0e517597189fee48f48e05b499442444b 0.0s done
#7 DONE 0.1s

#8 [base 2/9] WORKDIR /app
#8 CACHED

#9 [base 3/9] RUN test "2026-10-08T14:36:30Z" != "unknown"     && printf '%s\n' "2026-10-08T14:36:30Z" | grep -Eq '^[0-9]{4}-[0-9]{2}-[0-9]{2}T[0-9]{2}:[0-9]{2}:[0-9]{2}Z$'     && test "1a34956fbcbe7877fbad04ee5a7ec9e3dd52bf05" != "unknown"     && printf '%s\n' "1a34956fbcbe7877fbad04ee5a7ec9e3dd52bf05" | grep -Eq '^[0-9a-f]{40}$'     && test "0.1.0" != "unknown"     && printf '%s\n' "dirty" | grep -Eq '^(clean|dirty)$'     && test "$(dpkg-query -W -f='${Version}' ca-certificates)" = "20250419~deb12u1"     && test "$(dpkg-query -W -f='${Version}' tzdata)" = "2026b-0+deb12u1"     && groupadd --gid 10001 xiangrugu     && useradd --uid 10001 --gid 10001 --create-home         --home-dir /home/xiangrugu --shell /usr/sbin/nologin xiangrugu
#9 DONE 0.6s

#10 [base 4/9] COPY datamgmt/requirements.lock /tmp/requirements.lock
#10 DONE 0.1s

#11 [base 5/9] RUN python -m pip install --disable-pip-version-check --no-cache-dir         --only-binary=:all: --require-hashes --requirement /tmp/requirements.lock     && rm /tmp/requirements.lock
#11 3.170 Collecting jsonschema==4.26.0 (from -r /tmp/requirements.lock (line 11))
#11 4.266   Downloading jsonschema-4.26.0-py3-none-any.whl (90 kB)
#11 4.815      ━━━━━━━━━━━━━━━━━━━━━━━━━━━━━━━━━━━━━━━ 90.6/90.6 kB 480.9 kB/s eta 0:00:00
#11 5.168 Collecting attrs==26.1.0 (from -r /tmp/requirements.lock (line 13))
#11 5.402   Downloading attrs-26.1.0-py3-none-any.whl (67 kB)
#11 5.509      ━━━━━━━━━━━━━━━━━━━━━━━━━━━━━━━━━━━━━━━ 67.5/67.5 kB 685.4 kB/s eta 0:00:00
#11 5.839 Collecting jsonschema-specifications==2025.9.1 (from -r /tmp/requirements.lock (line 15))
#11 6.109   Downloading jsonschema_specifications-2025.9.1-py3-none-any.whl (18 kB)
#11 6.761 Collecting referencing==0.37.0 (from -r /tmp/requirements.lock (line 17))
#11 7.036   Downloading referencing-0.37.0-py3-none-any.whl (26 kB)
#11 8.370 Collecting rpds-py==2026.9.1 (from -r /tmp/requirements.lock (line 19))
#11 8.638   Downloading rpds_py-2026.9.1-cp311-cp311-manylinux_2_17_x86_64.manylinux2014_x86_64.whl (375 kB)
#11 9.194      ━━━━━━━━━━━━━━━━━━━━━━━━━━━━━━━━━━━━━ 375.4/375.4 kB 692.8 kB/s eta 0:00:00
#11 9.524 Collecting certifi==2026.7.22 (from -r /tmp/requirements.lock (line 21))
#11 9.832   Downloading certifi-2026.7.22-py3-none-any.whl (136 kB)
#11 9.861      ━━━━━━━━━━━━━━━━━━━━━━━━━━━━━━━━━━━━━━━ 137.0/137.0 kB 7.7 MB/s eta 0:00:00
#11 10.28 Collecting pyproj==3.7.2 (from -r /tmp/requirements.lock (line 24))
#11 10.56   Downloading pyproj-3.7.2-cp311-cp311-manylinux_2_28_x86_64.whl (9.5 MB)
#11 13.03      ━━━━━━━━━━━━━━━━━━━━━━━━━━━━━━━━━━━━━━━━ 9.5/9.5 MB 3.9 MB/s eta 0:00:00
#11 13.37 Collecting annotated-types==0.8.0 (from -r /tmp/requirements.lock (line 27))
#11 13.64   Downloading annotated_types-0.8.0-py3-none-any.whl (13 kB)
#11 13.98 Collecting psycopg==3.3.6 (from psycopg[binary]==3.3.6->-r /tmp/requirements.lock (line 31))
#11 14.26   Downloading psycopg-3.3.6-py3-none-any.whl (215 kB)
#11 14.64      ━━━━━━━━━━━━━━━━━━━━━━━━━━━━━━━━━━━━━ 215.5/215.5 kB 558.4 kB/s eta 0:00:00
#11 15.18 Collecting psycopg-binary==3.3.6 (from -r /tmp/requirements.lock (line 35))
#11 15.44   Downloading psycopg_binary-3.3.6-cp311-cp311-manylinux2014_x86_64.manylinux_2_17_x86_64.whl (5.3 MB)
#11 16.18      ━━━━━━━━━━━━━━━━━━━━━━━━━━━━━━━━━━━━━━━━ 5.3/5.3 MB 7.2 MB/s eta 0:00:00
#11 16.71 Collecting pydantic==2.13.5 (from -r /tmp/requirements.lock (line 103))
#11 16.98   Downloading pydantic-2.13.5-py3-none-any.whl (472 kB)
#11 17.05      ━━━━━━━━━━━━━━━━━━━━━━━━━━━━━━━━━━━━━━━ 472.6/472.6 kB 8.1 MB/s eta 0:00:00
#11 18.62 Collecting pydantic-core==2.46.5 (from -r /tmp/requirements.lock (line 107))
#11 18.89   Downloading pydantic_core-2.46.5-cp311-cp311-manylinux_2_17_x86_64.manylinux2014_x86_64.whl (2.1 MB)
#11 19.45      ━━━━━━━━━━━━━━━━━━━━━━━━━━━━━━━━━━━━━━━━ 2.1/2.1 MB 3.7 MB/s eta 0:00:00
#11 19.84 Collecting pyyaml==6.0.3 (from -r /tmp/requirements.lock (line 229))
#11 20.12   Downloading pyyaml-6.0.3-cp311-cp311-manylinux2014_x86_64.manylinux_2_17_x86_64.manylinux_2_28_x86_64.whl (806 kB)
#11 20.21      ━━━━━━━━━━━━━━━━━━━━━━━━━━━━━━━━━━━━━━ 806.6/806.6 kB 17.7 MB/s eta 0:00:00
#11 20.80 Collecting typing-extensions==4.16.0 (from -r /tmp/requirements.lock (line 304))
#11 21.07   Downloading typing_extensions-4.16.0-py3-none-any.whl (45 kB)
#11 21.07      ━━━━━━━━━━━━━━━━━━━━━━━━━━━━━━━━━━━━━━━ 45.6/45.6 kB 139.5 MB/s eta 0:00:00
#11 21.35 Collecting typing-inspection==0.4.4 (from -r /tmp/requirements.lock (line 312))
#11 21.61   Downloading typing_inspection-0.4.4-py3-none-any.whl (14 kB)
#11 21.97 Installing collected packages: typing-extensions, rpds-py, pyyaml, psycopg-binary, certifi, attrs, annotated-types, typing-inspection, referencing, pyproj, pydantic-core, psycopg, pydantic, jsonschema-specifications, jsonschema
#11 23.27 Successfully installed annotated-types-0.8.0 attrs-26.1.0 certifi-2026.7.22 jsonschema-4.26.0 jsonschema-specifications-2025.9.1 psycopg-3.3.6 psycopg-binary-3.3.6 pydantic-2.13.5 pydantic-core-2.46.5 pyproj-3.7.2 pyyaml-6.0.3 referencing-0.37.0 rpds-py-2026.9.1 typing-extensions-4.16.0 typing-inspection-0.4.4
#11 DONE 24.2s

#12 [base 6/9] COPY datamgmt/pyproject.toml /app/datamgmt/pyproject.toml
#12 DONE 0.1s

#13 [base 7/9] COPY datamgmt/config/contract.schema.json /app/datamgmt/config/contract.schema.json
#13 DONE 0.1s

#14 [base 8/9] COPY datamgmt/src /app/datamgmt/src
#14 DONE 0.1s

#15 [base 9/9] RUN python -m pip install --disable-pip-version-check --no-cache-dir         --no-deps --no-build-isolation /app/datamgmt
#15 1.956 Processing ./datamgmt
#15 1.959   Preparing metadata (pyproject.toml): started
#15 3.076   Preparing metadata (pyproject.toml): finished with status 'done'
#15 3.079 Building wheels for collected packages: xiangrugu-datamgmt
#15 3.080   Building wheel for xiangrugu-datamgmt (pyproject.toml): started
#15 4.008   Building wheel for xiangrugu-datamgmt (pyproject.toml): finished with status 'done'
#15 4.009   Created wheel for xiangrugu-datamgmt: filename=xiangrugu_datamgmt-0.1.0-py3-none-any.whl size=38796 sha256=3e43aa6366895215405c201ef054e8ce1c2680e08bea690d68930f16d2b5b02a
#15 4.010   Stored in directory: /tmp/pip-ephem-wheel-cache-rdlappa3/wheels/2b/5b/20/542e7f0cd3a870d95f0302065b28f11ca654a47b438dc9673f
#15 4.016 Successfully built xiangrugu-datamgmt
#15 4.016 Installing collected packages: xiangrugu-datamgmt
#15 4.075 Successfully installed xiangrugu-datamgmt-0.1.0
#15 DONE 4.2s

#16 [development 1/2] COPY datamgmt/requirements-dev.lock /tmp/requirements-dev.lock
#16 DONE 0.1s

#17 [development 2/2] RUN python -m pip install --disable-pip-version-check --no-cache-dir         --only-binary=:all: --require-hashes --requirement /tmp/requirements-dev.lock     && rm /tmp/requirements-dev.lock
#17 1.770 Requirement already satisfied: jsonschema==4.26.0 in /usr/local/lib/python3.11/site-packages (from -r /tmp/requirements-dev.lock (line 11)) (4.26.0)
#17 1.772 Requirement already satisfied: attrs==26.1.0 in /usr/local/lib/python3.11/site-packages (from -r /tmp/requirements-dev.lock (line 13)) (26.1.0)
#17 1.774 Requirement already satisfied: jsonschema-specifications==2025.9.1 in /usr/local/lib/python3.11/site-packages (from -r /tmp/requirements-dev.lock (line 15)) (2025.9.1)
#17 1.775 Requirement already satisfied: referencing==0.37.0 in /usr/local/lib/python3.11/site-packages (from -r /tmp/requirements-dev.lock (line 17)) (0.37.0)
#17 1.776 Requirement already satisfied: rpds-py==2026.9.1 in /usr/local/lib/python3.11/site-packages (from -r /tmp/requirements-dev.lock (line 19)) (2026.9.1)
#17 1.778 Requirement already satisfied: certifi==2026.7.22 in /usr/local/lib/python3.11/site-packages (from -r /tmp/requirements-dev.lock (line 21)) (2026.7.22)
#17 1.779 Requirement already satisfied: pyproj==3.7.2 in /usr/local/lib/python3.11/site-packages (from -r /tmp/requirements-dev.lock (line 24)) (3.7.2)
#17 1.781 Requirement already satisfied: annotated-types==0.8.0 in /usr/local/lib/python3.11/site-packages (from -r /tmp/requirements-dev.lock (line 27)) (0.8.0)
#17 2.918 Collecting iniconfig==2.3.0 (from -r /tmp/requirements-dev.lock (line 31))
#17 4.021   Downloading iniconfig-2.3.0-py3-none-any.whl (7.5 kB)
#17 4.063 Requirement already satisfied: packaging==26.3 in /usr/local/lib/python3.11/site-packages (from -r /tmp/requirements-dev.lock (line 35)) (26.3)
#17 4.399 Collecting pluggy==1.6.0 (from -r /tmp/requirements-dev.lock (line 39))
#17 4.666   Downloading pluggy-1.6.0-py3-none-any.whl (20 kB)
#17 4.802 Requirement already satisfied: psycopg==3.3.6 in /usr/local/lib/python3.11/site-packages (from psycopg[binary]==3.3.6->-r /tmp/requirements-dev.lock (line 43)) (3.3.6)
#17 4.803 Requirement already satisfied: psycopg-binary==3.3.6 in /usr/local/lib/python3.11/site-packages (from -r /tmp/requirements-dev.lock (line 47)) (3.3.6)
#17 4.808 Requirement already satisfied: pydantic==2.13.5 in /usr/local/lib/python3.11/site-packages (from -r /tmp/requirements-dev.lock (line 115)) (2.13.5)
#17 4.810 Requirement already satisfied: pydantic-core==2.46.5 in /usr/local/lib/python3.11/site-packages (from -r /tmp/requirements-dev.lock (line 119)) (2.46.5)
#17 5.250 Collecting pygments==2.21.0 (from -r /tmp/requirements-dev.lock (line 241))
#17 5.526   Downloading pygments-2.21.0-py3-none-any.whl (1.3 MB)
#17 7.162      ━━━━━━━━━━━━━━━━━━━━━━━━━━━━━━━━━━━━━━━━ 1.3/1.3 MB 795.4 kB/s eta 0:00:00
#17 7.773 Collecting pytest==9.1.1 (from -r /tmp/requirements-dev.lock (line 245))
#17 8.056   Downloading pytest-9.1.1-py3-none-any.whl (386 kB)
#17 8.371      ━━━━━━━━━━━━━━━━━━━━━━━━━━━━━━━━━━━━━━━ 386.5/386.5 kB 1.3 MB/s eta 0:00:00
#17 8.391 Requirement already satisfied: pyyaml==6.0.3 in /usr/local/lib/python3.11/site-packages (from -r /tmp/requirements-dev.lock (line 249)) (6.0.3)
#17 8.394 Requirement already satisfied: typing-extensions==4.16.0 in /usr/local/lib/python3.11/site-packages (from -r /tmp/requirements-dev.lock (line 324)) (4.16.0)
#17 8.398 Requirement already satisfied: typing-inspection==0.4.4 in /usr/local/lib/python3.11/site-packages (from -r /tmp/requirements-dev.lock (line 332)) (0.4.4)
#17 8.648 Installing collected packages: pygments, pluggy, iniconfig, pytest
#17 9.642 Successfully installed iniconfig-2.3.0 pluggy-1.6.0 pygments-2.21.0 pytest-9.1.1
#17 DONE 9.9s

#18 [test 1/4] COPY datamgmt/config/roots.yaml /app/datamgmt/config/roots.yaml
#18 DONE 0.1s

#19 [test 2/4] COPY docker-compose.yml /app/docker-compose.yml
#19 DONE 0.1s

#20 [test 3/4] COPY scripts /app/scripts
#20 DONE 0.1s

#21 [test 4/4] COPY datamgmt/tests /app/datamgmt/tests
#21 DONE 0.1s

#22 exporting to image
#22 exporting layers
#22 exporting layers 3.9s done
#22 exporting manifest sha256:c6728d8130e9cb579e889f631d2b19194fad62e617ec554b63f839ccd0582b5f 0.0s done
#22 exporting config sha256:192e74b8722ac1f9c994e6e910777b2f8f7948972c481efff779d1e5f8800a5e 0.0s done
#22 exporting attestation manifest sha256:80463ee0dca3a8faee08aac4c35b11a21891858daa75caa91e911c900df040c7
#22 exporting attestation manifest sha256:80463ee0dca3a8faee08aac4c35b11a21891858daa75caa91e911c900df040c7 0.0s done
#22 exporting manifest list sha256:e85c9959b7bf01c25a8ba6ee75114245c62f7357a42a18ef30d50dc2774cd820 0.0s done
#22 naming to docker.io/library/xiangrugu:test-schema-red-20261008T143630Z done
#22 unpacking to docker.io/library/xiangrugu:test-schema-red-20261008T143630Z
#22 unpacking to docker.io/library/xiangrugu:test-schema-red-20261008T143630Z 1.4s done
#22 DONE 5.5s
