FFFFFFFFFFFFFFFFFFFFFFFFFFFFFFFF                                         [100%]
=================================== FAILURES ===================================
___________ test_exported_schema_validates_raw_fixture_without_model ___________

contract_doc = {'version': 1, 'release_id': '2026-10-07-synthetic', 'source_version': 'synthetic-v1', 'inventory_sha256': '55870cafd69ac5f7f62e0fa9b13bac06a748a9ef74a6f9a4100367ddd7937c67', ...}
monkeypatch = <_pytest.monkeypatch.MonkeyPatch object at 0x7f10d7965350>

    def test_exported_schema_validates_raw_fixture_without_model(contract_doc, monkeypatch):
        schema = json.loads((Path(__file__).parents[2] / "config/contract.schema.json").read_text())
        monkeypatch.setattr(contracts.ReleaseContract, "model_validate",
                            lambda *args, **kwargs: pytest.fail("Schema gate invoked model"))
>       check(contract_doc, schema)

datamgmt/tests/unit/test_contract_schema_validation.py:21: 
_ _ _ _ _ _ _ _ _ _ _ _ _ _ _ _ _ _ _ _ _ _ _ _ _ _ _ _ _ _ _ _ _ _ _ _ _ _ _ _ 

document = {'version': 1, 'release_id': '2026-10-07-synthetic', 'source_version': 'synthetic-v1', 'inventory_sha256': '55870cafd69ac5f7f62e0fa9b13bac06a748a9ef74a6f9a4100367ddd7937c67', ...}
schema = {'$defs': {'ColumnEncoding': {'additionalProperties': False, 'properties': {'codec': {'minLength': 1, 'pattern': '\\S'...Release Id', 'type': 'string'}, 'review': {'anyOf': [{'$ref': '#/$defs/ContractReview'}, {'type': 'null'}]}, ...}, ...}

    def check(document, schema=None):
        validator = getattr(contracts, "validate_contract_document", None)
>       assert callable(validator), "Independent raw JSON Schema validator is missing"
E       AssertionError: Independent raw JSON Schema validator is missing
E       assert False
E        +  where False = callable(None)

datamgmt/tests/unit/test_contract_schema_validation.py:13: AssertionError
______________ test_raw_schema_rejects_structural_errors[missing] ______________

contract_doc = {'version': 1, 'release_id': '2026-10-07-synthetic', 'source_version': 'synthetic-v1', 'status': 'draft', ...}
mutation = 'missing'

    @pytest.mark.parametrize("mutation", [
        "missing", "type", "extra", "digest", "nested_extra", "bool_count", "empty_rules",
    ])
    def test_raw_schema_rejects_structural_errors(contract_doc, mutation):
        if mutation == "missing":
            del contract_doc["inventory_sha256"]
        elif mutation == "type":
            contract_doc["source_version"] = 42
        elif mutation == "extra":
            contract_doc["unexpected"] = "synthetic-value"
        elif mutation == "digest":
            contract_doc["rules"][0]["expected"]["sha256"] = "z" * 64
        elif mutation == "nested_extra":
            contract_doc["rules"][0]["selector"]["unexpected"] = True
        elif mutation == "bool_count":
            contract_doc["rules"][0]["targets"][0]["expected_count"] = True
        else:
            contract_doc["rules"] = []
        with pytest.raises(contracts.ContractError):
>           check(contract_doc)

datamgmt/tests/unit/test_contract_schema_validation.py:43: 
_ _ _ _ _ _ _ _ _ _ _ _ _ _ _ _ _ _ _ _ _ _ _ _ _ _ _ _ _ _ _ _ _ _ _ _ _ _ _ _ 

document = {'version': 1, 'release_id': '2026-10-07-synthetic', 'source_version': 'synthetic-v1', 'status': 'draft', ...}
schema = None

    def check(document, schema=None):
        validator = getattr(contracts, "validate_contract_document", None)
>       assert callable(validator), "Independent raw JSON Schema validator is missing"
E       AssertionError: Independent raw JSON Schema validator is missing
E       assert False
E        +  where False = callable(None)

datamgmt/tests/unit/test_contract_schema_validation.py:13: AssertionError
_______________ test_raw_schema_rejects_structural_errors[type] ________________

contract_doc = {'version': 1, 'release_id': '2026-10-07-synthetic', 'source_version': 42, 'inventory_sha256': '55870cafd69ac5f7f62e0fa9b13bac06a748a9ef74a6f9a4100367ddd7937c67', ...}
mutation = 'type'

    @pytest.mark.parametrize("mutation", [
        "missing", "type", "extra", "digest", "nested_extra", "bool_count", "empty_rules",
    ])
    def test_raw_schema_rejects_structural_errors(contract_doc, mutation):
        if mutation == "missing":
            del contract_doc["inventory_sha256"]
        elif mutation == "type":
            contract_doc["source_version"] = 42
        elif mutation == "extra":
            contract_doc["unexpected"] = "synthetic-value"
        elif mutation == "digest":
            contract_doc["rules"][0]["expected"]["sha256"] = "z" * 64
        elif mutation == "nested_extra":
            contract_doc["rules"][0]["selector"]["unexpected"] = True
        elif mutation == "bool_count":
            contract_doc["rules"][0]["targets"][0]["expected_count"] = True
        else:
            contract_doc["rules"] = []
        with pytest.raises(contracts.ContractError):
>           check(contract_doc)

datamgmt/tests/unit/test_contract_schema_validation.py:43: 
_ _ _ _ _ _ _ _ _ _ _ _ _ _ _ _ _ _ _ _ _ _ _ _ _ _ _ _ _ _ _ _ _ _ _ _ _ _ _ _ 

document = {'version': 1, 'release_id': '2026-10-07-synthetic', 'source_version': 42, 'inventory_sha256': '55870cafd69ac5f7f62e0fa9b13bac06a748a9ef74a6f9a4100367ddd7937c67', ...}
schema = None

    def check(document, schema=None):
        validator = getattr(contracts, "validate_contract_document", None)
>       assert callable(validator), "Independent raw JSON Schema validator is missing"
E       AssertionError: Independent raw JSON Schema validator is missing
E       assert False
E        +  where False = callable(None)

datamgmt/tests/unit/test_contract_schema_validation.py:13: AssertionError
_______________ test_raw_schema_rejects_structural_errors[extra] _______________

contract_doc = {'version': 1, 'release_id': '2026-10-07-synthetic', 'source_version': 'synthetic-v1', 'inventory_sha256': '55870cafd69ac5f7f62e0fa9b13bac06a748a9ef74a6f9a4100367ddd7937c67', ...}
mutation = 'extra'

    @pytest.mark.parametrize("mutation", [
        "missing", "type", "extra", "digest", "nested_extra", "bool_count", "empty_rules",
    ])
    def test_raw_schema_rejects_structural_errors(contract_doc, mutation):
        if mutation == "missing":
            del contract_doc["inventory_sha256"]
        elif mutation == "type":
            contract_doc["source_version"] = 42
        elif mutation == "extra":
            contract_doc["unexpected"] = "synthetic-value"
        elif mutation == "digest":
            contract_doc["rules"][0]["expected"]["sha256"] = "z" * 64
        elif mutation == "nested_extra":
            contract_doc["rules"][0]["selector"]["unexpected"] = True
        elif mutation == "bool_count":
            contract_doc["rules"][0]["targets"][0]["expected_count"] = True
        else:
            contract_doc["rules"] = []
        with pytest.raises(contracts.ContractError):
>           check(contract_doc)

datamgmt/tests/unit/test_contract_schema_validation.py:43: 
_ _ _ _ _ _ _ _ _ _ _ _ _ _ _ _ _ _ _ _ _ _ _ _ _ _ _ _ _ _ _ _ _ _ _ _ _ _ _ _ 

document = {'version': 1, 'release_id': '2026-10-07-synthetic', 'source_version': 'synthetic-v1', 'inventory_sha256': '55870cafd69ac5f7f62e0fa9b13bac06a748a9ef74a6f9a4100367ddd7937c67', ...}
schema = None

    def check(document, schema=None):
        validator = getattr(contracts, "validate_contract_document", None)
>       assert callable(validator), "Independent raw JSON Schema validator is missing"
E       AssertionError: Independent raw JSON Schema validator is missing
E       assert False
E        +  where False = callable(None)

datamgmt/tests/unit/test_contract_schema_validation.py:13: AssertionError
______________ test_raw_schema_rejects_structural_errors[digest] _______________

contract_doc = {'version': 1, 'release_id': '2026-10-07-synthetic', 'source_version': 'synthetic-v1', 'inventory_sha256': '55870cafd69ac5f7f62e0fa9b13bac06a748a9ef74a6f9a4100367ddd7937c67', ...}
mutation = 'digest'

    @pytest.mark.parametrize("mutation", [
        "missing", "type", "extra", "digest", "nested_extra", "bool_count", "empty_rules",
    ])
    def test_raw_schema_rejects_structural_errors(contract_doc, mutation):
        if mutation == "missing":
            del contract_doc["inventory_sha256"]
        elif mutation == "type":
            contract_doc["source_version"] = 42
        elif mutation == "extra":
            contract_doc["unexpected"] = "synthetic-value"
        elif mutation == "digest":
            contract_doc["rules"][0]["expected"]["sha256"] = "z" * 64
        elif mutation == "nested_extra":
            contract_doc["rules"][0]["selector"]["unexpected"] = True
        elif mutation == "bool_count":
            contract_doc["rules"][0]["targets"][0]["expected_count"] = True
        else:
            contract_doc["rules"] = []
        with pytest.raises(contracts.ContractError):
>           check(contract_doc)

datamgmt/tests/unit/test_contract_schema_validation.py:43: 
_ _ _ _ _ _ _ _ _ _ _ _ _ _ _ _ _ _ _ _ _ _ _ _ _ _ _ _ _ _ _ _ _ _ _ _ _ _ _ _ 

document = {'version': 1, 'release_id': '2026-10-07-synthetic', 'source_version': 'synthetic-v1', 'inventory_sha256': '55870cafd69ac5f7f62e0fa9b13bac06a748a9ef74a6f9a4100367ddd7937c67', ...}
schema = None

    def check(document, schema=None):
        validator = getattr(contracts, "validate_contract_document", None)
>       assert callable(validator), "Independent raw JSON Schema validator is missing"
E       AssertionError: Independent raw JSON Schema validator is missing
E       assert False
E        +  where False = callable(None)

datamgmt/tests/unit/test_contract_schema_validation.py:13: AssertionError
___________ test_raw_schema_rejects_structural_errors[nested_extra] ____________

contract_doc = {'version': 1, 'release_id': '2026-10-07-synthetic', 'source_version': 'synthetic-v1', 'inventory_sha256': '55870cafd69ac5f7f62e0fa9b13bac06a748a9ef74a6f9a4100367ddd7937c67', ...}
mutation = 'nested_extra'

    @pytest.mark.parametrize("mutation", [
        "missing", "type", "extra", "digest", "nested_extra", "bool_count", "empty_rules",
    ])
    def test_raw_schema_rejects_structural_errors(contract_doc, mutation):
        if mutation == "missing":
            del contract_doc["inventory_sha256"]
        elif mutation == "type":
            contract_doc["source_version"] = 42
        elif mutation == "extra":
            contract_doc["unexpected"] = "synthetic-value"
        elif mutation == "digest":
            contract_doc["rules"][0]["expected"]["sha256"] = "z" * 64
        elif mutation == "nested_extra":
            contract_doc["rules"][0]["selector"]["unexpected"] = True
        elif mutation == "bool_count":
            contract_doc["rules"][0]["targets"][0]["expected_count"] = True
        else:
            contract_doc["rules"] = []
        with pytest.raises(contracts.ContractError):
>           check(contract_doc)

datamgmt/tests/unit/test_contract_schema_validation.py:43: 
_ _ _ _ _ _ _ _ _ _ _ _ _ _ _ _ _ _ _ _ _ _ _ _ _ _ _ _ _ _ _ _ _ _ _ _ _ _ _ _ 

document = {'version': 1, 'release_id': '2026-10-07-synthetic', 'source_version': 'synthetic-v1', 'inventory_sha256': '55870cafd69ac5f7f62e0fa9b13bac06a748a9ef74a6f9a4100367ddd7937c67', ...}
schema = None

    def check(document, schema=None):
        validator = getattr(contracts, "validate_contract_document", None)
>       assert callable(validator), "Independent raw JSON Schema validator is missing"
E       AssertionError: Independent raw JSON Schema validator is missing
E       assert False
E        +  where False = callable(None)

datamgmt/tests/unit/test_contract_schema_validation.py:13: AssertionError
____________ test_raw_schema_rejects_structural_errors[bool_count] _____________

contract_doc = {'version': 1, 'release_id': '2026-10-07-synthetic', 'source_version': 'synthetic-v1', 'inventory_sha256': '55870cafd69ac5f7f62e0fa9b13bac06a748a9ef74a6f9a4100367ddd7937c67', ...}
mutation = 'bool_count'

    @pytest.mark.parametrize("mutation", [
        "missing", "type", "extra", "digest", "nested_extra", "bool_count", "empty_rules",
    ])
    def test_raw_schema_rejects_structural_errors(contract_doc, mutation):
        if mutation == "missing":
            del contract_doc["inventory_sha256"]
        elif mutation == "type":
            contract_doc["source_version"] = 42
        elif mutation == "extra":
            contract_doc["unexpected"] = "synthetic-value"
        elif mutation == "digest":
            contract_doc["rules"][0]["expected"]["sha256"] = "z" * 64
        elif mutation == "nested_extra":
            contract_doc["rules"][0]["selector"]["unexpected"] = True
        elif mutation == "bool_count":
            contract_doc["rules"][0]["targets"][0]["expected_count"] = True
        else:
            contract_doc["rules"] = []
        with pytest.raises(contracts.ContractError):
>           check(contract_doc)

datamgmt/tests/unit/test_contract_schema_validation.py:43: 
_ _ _ _ _ _ _ _ _ _ _ _ _ _ _ _ _ _ _ _ _ _ _ _ _ _ _ _ _ _ _ _ _ _ _ _ _ _ _ _ 

document = {'version': 1, 'release_id': '2026-10-07-synthetic', 'source_version': 'synthetic-v1', 'inventory_sha256': '55870cafd69ac5f7f62e0fa9b13bac06a748a9ef74a6f9a4100367ddd7937c67', ...}
schema = None

    def check(document, schema=None):
        validator = getattr(contracts, "validate_contract_document", None)
>       assert callable(validator), "Independent raw JSON Schema validator is missing"
E       AssertionError: Independent raw JSON Schema validator is missing
E       assert False
E        +  where False = callable(None)

datamgmt/tests/unit/test_contract_schema_validation.py:13: AssertionError
____________ test_raw_schema_rejects_structural_errors[empty_rules] ____________

contract_doc = {'version': 1, 'release_id': '2026-10-07-synthetic', 'source_version': 'synthetic-v1', 'inventory_sha256': '55870cafd69ac5f7f62e0fa9b13bac06a748a9ef74a6f9a4100367ddd7937c67', ...}
mutation = 'empty_rules'

    @pytest.mark.parametrize("mutation", [
        "missing", "type", "extra", "digest", "nested_extra", "bool_count", "empty_rules",
    ])
    def test_raw_schema_rejects_structural_errors(contract_doc, mutation):
        if mutation == "missing":
            del contract_doc["inventory_sha256"]
        elif mutation == "type":
            contract_doc["source_version"] = 42
        elif mutation == "extra":
            contract_doc["unexpected"] = "synthetic-value"
        elif mutation == "digest":
            contract_doc["rules"][0]["expected"]["sha256"] = "z" * 64
        elif mutation == "nested_extra":
            contract_doc["rules"][0]["selector"]["unexpected"] = True
        elif mutation == "bool_count":
            contract_doc["rules"][0]["targets"][0]["expected_count"] = True
        else:
            contract_doc["rules"] = []
        with pytest.raises(contracts.ContractError):
>           check(contract_doc)

datamgmt/tests/unit/test_contract_schema_validation.py:43: 
_ _ _ _ _ _ _ _ _ _ _ _ _ _ _ _ _ _ _ _ _ _ _ _ _ _ _ _ _ _ _ _ _ _ _ _ _ _ _ _ 

document = {'version': 1, 'release_id': '2026-10-07-synthetic', 'source_version': 'synthetic-v1', 'inventory_sha256': '55870cafd69ac5f7f62e0fa9b13bac06a748a9ef74a6f9a4100367ddd7937c67', ...}
schema = None

    def check(document, schema=None):
        validator = getattr(contracts, "validate_contract_document", None)
>       assert callable(validator), "Independent raw JSON Schema validator is missing"
E       AssertionError: Independent raw JSON Schema validator is missing
E       assert False
E        +  where False = callable(None)

datamgmt/tests/unit/test_contract_schema_validation.py:13: AssertionError
___________ test_invalid_or_other_draft_schema_fails_closed[schema0] ___________

contract_doc = {'version': 1, 'release_id': '2026-10-07-synthetic', 'source_version': 'synthetic-v1', 'inventory_sha256': '55870cafd69ac5f7f62e0fa9b13bac06a748a9ef74a6f9a4100367ddd7937c67', ...}
schema = {'$schema': 'https://json-schema.org/draft/2020-12/schema', 'type': 'invalid'}

    @pytest.mark.parametrize("schema", [
        {"$schema": "https://json-schema.org/draft/2020-12/schema", "type": "invalid"},
        {"$schema": "http://json-schema.org/draft-07/schema#", "type": "object"},
        {"type": "object"},
    ])
    def test_invalid_or_other_draft_schema_fails_closed(contract_doc, schema):
        with pytest.raises(contracts.ContractError):
>           check(contract_doc, schema)

datamgmt/tests/unit/test_contract_schema_validation.py:53: 
_ _ _ _ _ _ _ _ _ _ _ _ _ _ _ _ _ _ _ _ _ _ _ _ _ _ _ _ _ _ _ _ _ _ _ _ _ _ _ _ 

document = {'version': 1, 'release_id': '2026-10-07-synthetic', 'source_version': 'synthetic-v1', 'inventory_sha256': '55870cafd69ac5f7f62e0fa9b13bac06a748a9ef74a6f9a4100367ddd7937c67', ...}
schema = {'$schema': 'https://json-schema.org/draft/2020-12/schema', 'type': 'invalid'}

    def check(document, schema=None):
        validator = getattr(contracts, "validate_contract_document", None)
>       assert callable(validator), "Independent raw JSON Schema validator is missing"
E       AssertionError: Independent raw JSON Schema validator is missing
E       assert False
E        +  where False = callable(None)

datamgmt/tests/unit/test_contract_schema_validation.py:13: AssertionError
___________ test_invalid_or_other_draft_schema_fails_closed[schema1] ___________

contract_doc = {'version': 1, 'release_id': '2026-10-07-synthetic', 'source_version': 'synthetic-v1', 'inventory_sha256': '55870cafd69ac5f7f62e0fa9b13bac06a748a9ef74a6f9a4100367ddd7937c67', ...}
schema = {'$schema': 'http://json-schema.org/draft-07/schema#', 'type': 'object'}

    @pytest.mark.parametrize("schema", [
        {"$schema": "https://json-schema.org/draft/2020-12/schema", "type": "invalid"},
        {"$schema": "http://json-schema.org/draft-07/schema#", "type": "object"},
        {"type": "object"},
    ])
    def test_invalid_or_other_draft_schema_fails_closed(contract_doc, schema):
        with pytest.raises(contracts.ContractError):
>           check(contract_doc, schema)

datamgmt/tests/unit/test_contract_schema_validation.py:53: 
_ _ _ _ _ _ _ _ _ _ _ _ _ _ _ _ _ _ _ _ _ _ _ _ _ _ _ _ _ _ _ _ _ _ _ _ _ _ _ _ 

document = {'version': 1, 'release_id': '2026-10-07-synthetic', 'source_version': 'synthetic-v1', 'inventory_sha256': '55870cafd69ac5f7f62e0fa9b13bac06a748a9ef74a6f9a4100367ddd7937c67', ...}
schema = {'$schema': 'http://json-schema.org/draft-07/schema#', 'type': 'object'}

    def check(document, schema=None):
        validator = getattr(contracts, "validate_contract_document", None)
>       assert callable(validator), "Independent raw JSON Schema validator is missing"
E       AssertionError: Independent raw JSON Schema validator is missing
E       assert False
E        +  where False = callable(None)

datamgmt/tests/unit/test_contract_schema_validation.py:13: AssertionError
___________ test_invalid_or_other_draft_schema_fails_closed[schema2] ___________

contract_doc = {'version': 1, 'release_id': '2026-10-07-synthetic', 'source_version': 'synthetic-v1', 'inventory_sha256': '55870cafd69ac5f7f62e0fa9b13bac06a748a9ef74a6f9a4100367ddd7937c67', ...}
schema = {'type': 'object'}

    @pytest.mark.parametrize("schema", [
        {"$schema": "https://json-schema.org/draft/2020-12/schema", "type": "invalid"},
        {"$schema": "http://json-schema.org/draft-07/schema#", "type": "object"},
        {"type": "object"},
    ])
    def test_invalid_or_other_draft_schema_fails_closed(contract_doc, schema):
        with pytest.raises(contracts.ContractError):
>           check(contract_doc, schema)

datamgmt/tests/unit/test_contract_schema_validation.py:53: 
_ _ _ _ _ _ _ _ _ _ _ _ _ _ _ _ _ _ _ _ _ _ _ _ _ _ _ _ _ _ _ _ _ _ _ _ _ _ _ _ 

document = {'version': 1, 'release_id': '2026-10-07-synthetic', 'source_version': 'synthetic-v1', 'inventory_sha256': '55870cafd69ac5f7f62e0fa9b13bac06a748a9ef74a6f9a4100367ddd7937c67', ...}
schema = {'type': 'object'}

    def check(document, schema=None):
        validator = getattr(contracts, "validate_contract_document", None)
>       assert callable(validator), "Independent raw JSON Schema validator is missing"
E       AssertionError: Independent raw JSON Schema validator is missing
E       assert False
E        +  where False = callable(None)

datamgmt/tests/unit/test_contract_schema_validation.py:13: AssertionError
_ test_external_references_rejected_even_in_unused_definitions[$ref-https://example.invalid/schema] _

contract_doc = {'version': 1, 'release_id': '2026-10-07-synthetic', 'source_version': 'synthetic-v1', 'inventory_sha256': '55870cafd69ac5f7f62e0fa9b13bac06a748a9ef74a6f9a4100367ddd7937c67', ...}
reference = 'https://example.invalid/schema', keyword = '$ref'

    @pytest.mark.parametrize("reference", [
        "https://example.invalid/schema", "file:///tmp/schema", "other.json", "//example.invalid/schema",
    ])
    @pytest.mark.parametrize("keyword", ["$ref", "$dynamicRef"])
    def test_external_references_rejected_even_in_unused_definitions(contract_doc, reference, keyword):
        schema = contracts.contract_schema()
        schema["$defs"]["Unused"] = {keyword: reference}
        with pytest.raises(contracts.ContractError):
>           check(contract_doc, schema)

datamgmt/tests/unit/test_contract_schema_validation.py:64: 
_ _ _ _ _ _ _ _ _ _ _ _ _ _ _ _ _ _ _ _ _ _ _ _ _ _ _ _ _ _ _ _ _ _ _ _ _ _ _ _ 

document = {'version': 1, 'release_id': '2026-10-07-synthetic', 'source_version': 'synthetic-v1', 'inventory_sha256': '55870cafd69ac5f7f62e0fa9b13bac06a748a9ef74a6f9a4100367ddd7937c67', ...}
schema = {'$schema': 'https://json-schema.org/draft/2020-12/schema', '$defs': {'ColumnEncoding': {'additionalProperties': False...'string'}, 'inventory_sha256': {'pattern': '^[0-9a-f]{64}$', 'title': 'Inventory Sha256', 'type': 'string'}, ...}, ...}

    def check(document, schema=None):
        validator = getattr(contracts, "validate_contract_document", None)
>       assert callable(validator), "Independent raw JSON Schema validator is missing"
E       AssertionError: Independent raw JSON Schema validator is missing
E       assert False
E        +  where False = callable(None)

datamgmt/tests/unit/test_contract_schema_validation.py:13: AssertionError
_ test_external_references_rejected_even_in_unused_definitions[$ref-file:///tmp/schema] _

contract_doc = {'version': 1, 'release_id': '2026-10-07-synthetic', 'source_version': 'synthetic-v1', 'inventory_sha256': '55870cafd69ac5f7f62e0fa9b13bac06a748a9ef74a6f9a4100367ddd7937c67', ...}
reference = 'file:///tmp/schema', keyword = '$ref'

    @pytest.mark.parametrize("reference", [
        "https://example.invalid/schema", "file:///tmp/schema", "other.json", "//example.invalid/schema",
    ])
    @pytest.mark.parametrize("keyword", ["$ref", "$dynamicRef"])
    def test_external_references_rejected_even_in_unused_definitions(contract_doc, reference, keyword):
        schema = contracts.contract_schema()
        schema["$defs"]["Unused"] = {keyword: reference}
        with pytest.raises(contracts.ContractError):
>           check(contract_doc, schema)

datamgmt/tests/unit/test_contract_schema_validation.py:64: 
_ _ _ _ _ _ _ _ _ _ _ _ _ _ _ _ _ _ _ _ _ _ _ _ _ _ _ _ _ _ _ _ _ _ _ _ _ _ _ _ 

document = {'version': 1, 'release_id': '2026-10-07-synthetic', 'source_version': 'synthetic-v1', 'inventory_sha256': '55870cafd69ac5f7f62e0fa9b13bac06a748a9ef74a6f9a4100367ddd7937c67', ...}
schema = {'$schema': 'https://json-schema.org/draft/2020-12/schema', '$defs': {'ColumnEncoding': {'additionalProperties': False...'string'}, 'inventory_sha256': {'pattern': '^[0-9a-f]{64}$', 'title': 'Inventory Sha256', 'type': 'string'}, ...}, ...}

    def check(document, schema=None):
        validator = getattr(contracts, "validate_contract_document", None)
>       assert callable(validator), "Independent raw JSON Schema validator is missing"
E       AssertionError: Independent raw JSON Schema validator is missing
E       assert False
E        +  where False = callable(None)

datamgmt/tests/unit/test_contract_schema_validation.py:13: AssertionError
_ test_external_references_rejected_even_in_unused_definitions[$ref-other.json] _

contract_doc = {'version': 1, 'release_id': '2026-10-07-synthetic', 'source_version': 'synthetic-v1', 'inventory_sha256': '55870cafd69ac5f7f62e0fa9b13bac06a748a9ef74a6f9a4100367ddd7937c67', ...}
reference = 'other.json', keyword = '$ref'

    @pytest.mark.parametrize("reference", [
        "https://example.invalid/schema", "file:///tmp/schema", "other.json", "//example.invalid/schema",
    ])
    @pytest.mark.parametrize("keyword", ["$ref", "$dynamicRef"])
    def test_external_references_rejected_even_in_unused_definitions(contract_doc, reference, keyword):
        schema = contracts.contract_schema()
        schema["$defs"]["Unused"] = {keyword: reference}
        with pytest.raises(contracts.ContractError):
>           check(contract_doc, schema)

datamgmt/tests/unit/test_contract_schema_validation.py:64: 
_ _ _ _ _ _ _ _ _ _ _ _ _ _ _ _ _ _ _ _ _ _ _ _ _ _ _ _ _ _ _ _ _ _ _ _ _ _ _ _ 

document = {'version': 1, 'release_id': '2026-10-07-synthetic', 'source_version': 'synthetic-v1', 'inventory_sha256': '55870cafd69ac5f7f62e0fa9b13bac06a748a9ef74a6f9a4100367ddd7937c67', ...}
schema = {'$schema': 'https://json-schema.org/draft/2020-12/schema', '$defs': {'ColumnEncoding': {'additionalProperties': False...'string'}, 'inventory_sha256': {'pattern': '^[0-9a-f]{64}$', 'title': 'Inventory Sha256', 'type': 'string'}, ...}, ...}

    def check(document, schema=None):
        validator = getattr(contracts, "validate_contract_document", None)
>       assert callable(validator), "Independent raw JSON Schema validator is missing"
E       AssertionError: Independent raw JSON Schema validator is missing
E       assert False
E        +  where False = callable(None)

datamgmt/tests/unit/test_contract_schema_validation.py:13: AssertionError
_ test_external_references_rejected_even_in_unused_definitions[$ref-//example.invalid/schema] _

contract_doc = {'version': 1, 'release_id': '2026-10-07-synthetic', 'source_version': 'synthetic-v1', 'inventory_sha256': '55870cafd69ac5f7f62e0fa9b13bac06a748a9ef74a6f9a4100367ddd7937c67', ...}
reference = '//example.invalid/schema', keyword = '$ref'

    @pytest.mark.parametrize("reference", [
        "https://example.invalid/schema", "file:///tmp/schema", "other.json", "//example.invalid/schema",
    ])
    @pytest.mark.parametrize("keyword", ["$ref", "$dynamicRef"])
    def test_external_references_rejected_even_in_unused_definitions(contract_doc, reference, keyword):
        schema = contracts.contract_schema()
        schema["$defs"]["Unused"] = {keyword: reference}
        with pytest.raises(contracts.ContractError):
>           check(contract_doc, schema)

datamgmt/tests/unit/test_contract_schema_validation.py:64: 
_ _ _ _ _ _ _ _ _ _ _ _ _ _ _ _ _ _ _ _ _ _ _ _ _ _ _ _ _ _ _ _ _ _ _ _ _ _ _ _ 

document = {'version': 1, 'release_id': '2026-10-07-synthetic', 'source_version': 'synthetic-v1', 'inventory_sha256': '55870cafd69ac5f7f62e0fa9b13bac06a748a9ef74a6f9a4100367ddd7937c67', ...}
schema = {'$schema': 'https://json-schema.org/draft/2020-12/schema', '$defs': {'ColumnEncoding': {'additionalProperties': False...'string'}, 'inventory_sha256': {'pattern': '^[0-9a-f]{64}$', 'title': 'Inventory Sha256', 'type': 'string'}, ...}, ...}

    def check(document, schema=None):
        validator = getattr(contracts, "validate_contract_document", None)
>       assert callable(validator), "Independent raw JSON Schema validator is missing"
E       AssertionError: Independent raw JSON Schema validator is missing
E       assert False
E        +  where False = callable(None)

datamgmt/tests/unit/test_contract_schema_validation.py:13: AssertionError
_ test_external_references_rejected_even_in_unused_definitions[$dynamicRef-https://example.invalid/schema] _

contract_doc = {'version': 1, 'release_id': '2026-10-07-synthetic', 'source_version': 'synthetic-v1', 'inventory_sha256': '55870cafd69ac5f7f62e0fa9b13bac06a748a9ef74a6f9a4100367ddd7937c67', ...}
reference = 'https://example.invalid/schema', keyword = '$dynamicRef'

    @pytest.mark.parametrize("reference", [
        "https://example.invalid/schema", "file:///tmp/schema", "other.json", "//example.invalid/schema",
    ])
    @pytest.mark.parametrize("keyword", ["$ref", "$dynamicRef"])
    def test_external_references_rejected_even_in_unused_definitions(contract_doc, reference, keyword):
        schema = contracts.contract_schema()
        schema["$defs"]["Unused"] = {keyword: reference}
        with pytest.raises(contracts.ContractError):
>           check(contract_doc, schema)

datamgmt/tests/unit/test_contract_schema_validation.py:64: 
_ _ _ _ _ _ _ _ _ _ _ _ _ _ _ _ _ _ _ _ _ _ _ _ _ _ _ _ _ _ _ _ _ _ _ _ _ _ _ _ 

document = {'version': 1, 'release_id': '2026-10-07-synthetic', 'source_version': 'synthetic-v1', 'inventory_sha256': '55870cafd69ac5f7f62e0fa9b13bac06a748a9ef74a6f9a4100367ddd7937c67', ...}
schema = {'$schema': 'https://json-schema.org/draft/2020-12/schema', '$defs': {'ColumnEncoding': {'additionalProperties': False...'string'}, 'inventory_sha256': {'pattern': '^[0-9a-f]{64}$', 'title': 'Inventory Sha256', 'type': 'string'}, ...}, ...}

    def check(document, schema=None):
        validator = getattr(contracts, "validate_contract_document", None)
>       assert callable(validator), "Independent raw JSON Schema validator is missing"
E       AssertionError: Independent raw JSON Schema validator is missing
E       assert False
E        +  where False = callable(None)

datamgmt/tests/unit/test_contract_schema_validation.py:13: AssertionError
_ test_external_references_rejected_even_in_unused_definitions[$dynamicRef-file:///tmp/schema] _

contract_doc = {'version': 1, 'release_id': '2026-10-07-synthetic', 'source_version': 'synthetic-v1', 'inventory_sha256': '55870cafd69ac5f7f62e0fa9b13bac06a748a9ef74a6f9a4100367ddd7937c67', ...}
reference = 'file:///tmp/schema', keyword = '$dynamicRef'

    @pytest.mark.parametrize("reference", [
        "https://example.invalid/schema", "file:///tmp/schema", "other.json", "//example.invalid/schema",
    ])
    @pytest.mark.parametrize("keyword", ["$ref", "$dynamicRef"])
    def test_external_references_rejected_even_in_unused_definitions(contract_doc, reference, keyword):
        schema = contracts.contract_schema()
        schema["$defs"]["Unused"] = {keyword: reference}
        with pytest.raises(contracts.ContractError):
>           check(contract_doc, schema)

datamgmt/tests/unit/test_contract_schema_validation.py:64: 
_ _ _ _ _ _ _ _ _ _ _ _ _ _ _ _ _ _ _ _ _ _ _ _ _ _ _ _ _ _ _ _ _ _ _ _ _ _ _ _ 

document = {'version': 1, 'release_id': '2026-10-07-synthetic', 'source_version': 'synthetic-v1', 'inventory_sha256': '55870cafd69ac5f7f62e0fa9b13bac06a748a9ef74a6f9a4100367ddd7937c67', ...}
schema = {'$schema': 'https://json-schema.org/draft/2020-12/schema', '$defs': {'ColumnEncoding': {'additionalProperties': False...'string'}, 'inventory_sha256': {'pattern': '^[0-9a-f]{64}$', 'title': 'Inventory Sha256', 'type': 'string'}, ...}, ...}

    def check(document, schema=None):
        validator = getattr(contracts, "validate_contract_document", None)
>       assert callable(validator), "Independent raw JSON Schema validator is missing"
E       AssertionError: Independent raw JSON Schema validator is missing
E       assert False
E        +  where False = callable(None)

datamgmt/tests/unit/test_contract_schema_validation.py:13: AssertionError
_ test_external_references_rejected_even_in_unused_definitions[$dynamicRef-other.json] _

contract_doc = {'version': 1, 'release_id': '2026-10-07-synthetic', 'source_version': 'synthetic-v1', 'inventory_sha256': '55870cafd69ac5f7f62e0fa9b13bac06a748a9ef74a6f9a4100367ddd7937c67', ...}
reference = 'other.json', keyword = '$dynamicRef'

    @pytest.mark.parametrize("reference", [
        "https://example.invalid/schema", "file:///tmp/schema", "other.json", "//example.invalid/schema",
    ])
    @pytest.mark.parametrize("keyword", ["$ref", "$dynamicRef"])
    def test_external_references_rejected_even_in_unused_definitions(contract_doc, reference, keyword):
        schema = contracts.contract_schema()
        schema["$defs"]["Unused"] = {keyword: reference}
        with pytest.raises(contracts.ContractError):
>           check(contract_doc, schema)

datamgmt/tests/unit/test_contract_schema_validation.py:64: 
_ _ _ _ _ _ _ _ _ _ _ _ _ _ _ _ _ _ _ _ _ _ _ _ _ _ _ _ _ _ _ _ _ _ _ _ _ _ _ _ 

document = {'version': 1, 'release_id': '2026-10-07-synthetic', 'source_version': 'synthetic-v1', 'inventory_sha256': '55870cafd69ac5f7f62e0fa9b13bac06a748a9ef74a6f9a4100367ddd7937c67', ...}
schema = {'$schema': 'https://json-schema.org/draft/2020-12/schema', '$defs': {'ColumnEncoding': {'additionalProperties': False...'string'}, 'inventory_sha256': {'pattern': '^[0-9a-f]{64}$', 'title': 'Inventory Sha256', 'type': 'string'}, ...}, ...}

    def check(document, schema=None):
        validator = getattr(contracts, "validate_contract_document", None)
>       assert callable(validator), "Independent raw JSON Schema validator is missing"
E       AssertionError: Independent raw JSON Schema validator is missing
E       assert False
E        +  where False = callable(None)

datamgmt/tests/unit/test_contract_schema_validation.py:13: AssertionError
_ test_external_references_rejected_even_in_unused_definitions[$dynamicRef-//example.invalid/schema] _

contract_doc = {'version': 1, 'release_id': '2026-10-07-synthetic', 'source_version': 'synthetic-v1', 'inventory_sha256': '55870cafd69ac5f7f62e0fa9b13bac06a748a9ef74a6f9a4100367ddd7937c67', ...}
reference = '//example.invalid/schema', keyword = '$dynamicRef'

    @pytest.mark.parametrize("reference", [
        "https://example.invalid/schema", "file:///tmp/schema", "other.json", "//example.invalid/schema",
    ])
    @pytest.mark.parametrize("keyword", ["$ref", "$dynamicRef"])
    def test_external_references_rejected_even_in_unused_definitions(contract_doc, reference, keyword):
        schema = contracts.contract_schema()
        schema["$defs"]["Unused"] = {keyword: reference}
        with pytest.raises(contracts.ContractError):
>           check(contract_doc, schema)

datamgmt/tests/unit/test_contract_schema_validation.py:64: 
_ _ _ _ _ _ _ _ _ _ _ _ _ _ _ _ _ _ _ _ _ _ _ _ _ _ _ _ _ _ _ _ _ _ _ _ _ _ _ _ 

document = {'version': 1, 'release_id': '2026-10-07-synthetic', 'source_version': 'synthetic-v1', 'inventory_sha256': '55870cafd69ac5f7f62e0fa9b13bac06a748a9ef74a6f9a4100367ddd7937c67', ...}
schema = {'$schema': 'https://json-schema.org/draft/2020-12/schema', '$defs': {'ColumnEncoding': {'additionalProperties': False...'string'}, 'inventory_sha256': {'pattern': '^[0-9a-f]{64}$', 'title': 'Inventory Sha256', 'type': 'string'}, ...}, ...}

    def check(document, schema=None):
        validator = getattr(contracts, "validate_contract_document", None)
>       assert callable(validator), "Independent raw JSON Schema validator is missing"
E       AssertionError: Independent raw JSON Schema validator is missing
E       assert False
E        +  where False = callable(None)

datamgmt/tests/unit/test_contract_schema_validation.py:13: AssertionError
________________ test_schema_id_cannot_rebase_local_references _________________

contract_doc = {'version': 1, 'release_id': '2026-10-07-synthetic', 'source_version': 'synthetic-v1', 'inventory_sha256': '55870cafd69ac5f7f62e0fa9b13bac06a748a9ef74a6f9a4100367ddd7937c67', ...}

    def test_schema_id_cannot_rebase_local_references(contract_doc):
        schema = contracts.contract_schema()
        schema["$id"] = "https://example.invalid/schema"
        with pytest.raises(contracts.ContractError):
>           check(contract_doc, schema)

datamgmt/tests/unit/test_contract_schema_validation.py:71: 
_ _ _ _ _ _ _ _ _ _ _ _ _ _ _ _ _ _ _ _ _ _ _ _ _ _ _ _ _ _ _ _ _ _ _ _ _ _ _ _ 

document = {'version': 1, 'release_id': '2026-10-07-synthetic', 'source_version': 'synthetic-v1', 'inventory_sha256': '55870cafd69ac5f7f62e0fa9b13bac06a748a9ef74a6f9a4100367ddd7937c67', ...}
schema = {'$schema': 'https://json-schema.org/draft/2020-12/schema', '$defs': {'ColumnEncoding': {'additionalProperties': False...'string'}, 'inventory_sha256': {'pattern': '^[0-9a-f]{64}$', 'title': 'Inventory Sha256', 'type': 'string'}, ...}, ...}

    def check(document, schema=None):
        validator = getattr(contracts, "validate_contract_document", None)
>       assert callable(validator), "Independent raw JSON Schema validator is missing"
E       AssertionError: Independent raw JSON Schema validator is missing
E       assert False
E        +  where False = callable(None)

datamgmt/tests/unit/test_contract_schema_validation.py:13: AssertionError
___________________ test_broken_local_reference_is_sanitized ___________________

contract_doc = {'version': 1, 'release_id': '2026-10-07-synthetic', 'source_version': 'synthetic-v1', 'inventory_sha256': '55870cafd69ac5f7f62e0fa9b13bac06a748a9ef74a6f9a4100367ddd7937c67', ...}

    def test_broken_local_reference_is_sanitized(contract_doc):
        schema = contracts.contract_schema()
        schema["properties"]["source_version"] = {"$ref": "#/$defs/missing"}
        with pytest.raises(contracts.ContractError) as error:
>           check(contract_doc, schema)

datamgmt/tests/unit/test_contract_schema_validation.py:78: 
_ _ _ _ _ _ _ _ _ _ _ _ _ _ _ _ _ _ _ _ _ _ _ _ _ _ _ _ _ _ _ _ _ _ _ _ _ _ _ _ 

document = {'version': 1, 'release_id': '2026-10-07-synthetic', 'source_version': 'synthetic-v1', 'inventory_sha256': '55870cafd69ac5f7f62e0fa9b13bac06a748a9ef74a6f9a4100367ddd7937c67', ...}
schema = {'$schema': 'https://json-schema.org/draft/2020-12/schema', '$defs': {'ColumnEncoding': {'additionalProperties': False...missing'}, 'inventory_sha256': {'pattern': '^[0-9a-f]{64}$', 'title': 'Inventory Sha256', 'type': 'string'}, ...}, ...}

    def check(document, schema=None):
        validator = getattr(contracts, "validate_contract_document", None)
>       assert callable(validator), "Independent raw JSON Schema validator is missing"
E       AssertionError: Independent raw JSON Schema validator is missing
E       assert False
E        +  where False = callable(None)

datamgmt/tests/unit/test_contract_schema_validation.py:13: AssertionError
___________ test_yaml_only_values_are_not_json_instances[synthetic] ____________

contract_doc = {'version': 1, 'release_id': '2026-10-07-synthetic', 'source_version': b'synthetic', 'inventory_sha256': '55870cafd69ac5f7f62e0fa9b13bac06a748a9ef74a6f9a4100367ddd7937c67', ...}
value = b'synthetic'

    @pytest.mark.parametrize("value", [b"synthetic", float("nan"), float("inf"), {"bad"}, ("bad",)])
    def test_yaml_only_values_are_not_json_instances(contract_doc, value):
        contract_doc["source_version"] = value
        with pytest.raises(contracts.ContractError):
>           check(contract_doc)

datamgmt/tests/unit/test_contract_schema_validation.py:86: 
_ _ _ _ _ _ _ _ _ _ _ _ _ _ _ _ _ _ _ _ _ _ _ _ _ _ _ _ _ _ _ _ _ _ _ _ _ _ _ _ 

document = {'version': 1, 'release_id': '2026-10-07-synthetic', 'source_version': b'synthetic', 'inventory_sha256': '55870cafd69ac5f7f62e0fa9b13bac06a748a9ef74a6f9a4100367ddd7937c67', ...}
schema = None

    def check(document, schema=None):
        validator = getattr(contracts, "validate_contract_document", None)
>       assert callable(validator), "Independent raw JSON Schema validator is missing"
E       AssertionError: Independent raw JSON Schema validator is missing
E       assert False
E        +  where False = callable(None)

datamgmt/tests/unit/test_contract_schema_validation.py:13: AssertionError
______________ test_yaml_only_values_are_not_json_instances[nan] _______________

contract_doc = {'version': 1, 'release_id': '2026-10-07-synthetic', 'source_version': nan, 'inventory_sha256': '55870cafd69ac5f7f62e0fa9b13bac06a748a9ef74a6f9a4100367ddd7937c67', ...}
value = nan

    @pytest.mark.parametrize("value", [b"synthetic", float("nan"), float("inf"), {"bad"}, ("bad",)])
    def test_yaml_only_values_are_not_json_instances(contract_doc, value):
        contract_doc["source_version"] = value
        with pytest.raises(contracts.ContractError):
>           check(contract_doc)

datamgmt/tests/unit/test_contract_schema_validation.py:86: 
_ _ _ _ _ _ _ _ _ _ _ _ _ _ _ _ _ _ _ _ _ _ _ _ _ _ _ _ _ _ _ _ _ _ _ _ _ _ _ _ 

document = {'version': 1, 'release_id': '2026-10-07-synthetic', 'source_version': nan, 'inventory_sha256': '55870cafd69ac5f7f62e0fa9b13bac06a748a9ef74a6f9a4100367ddd7937c67', ...}
schema = None

    def check(document, schema=None):
        validator = getattr(contracts, "validate_contract_document", None)
>       assert callable(validator), "Independent raw JSON Schema validator is missing"
E       AssertionError: Independent raw JSON Schema validator is missing
E       assert False
E        +  where False = callable(None)

datamgmt/tests/unit/test_contract_schema_validation.py:13: AssertionError
______________ test_yaml_only_values_are_not_json_instances[inf] _______________

contract_doc = {'version': 1, 'release_id': '2026-10-07-synthetic', 'source_version': inf, 'inventory_sha256': '55870cafd69ac5f7f62e0fa9b13bac06a748a9ef74a6f9a4100367ddd7937c67', ...}
value = inf

    @pytest.mark.parametrize("value", [b"synthetic", float("nan"), float("inf"), {"bad"}, ("bad",)])
    def test_yaml_only_values_are_not_json_instances(contract_doc, value):
        contract_doc["source_version"] = value
        with pytest.raises(contracts.ContractError):
>           check(contract_doc)

datamgmt/tests/unit/test_contract_schema_validation.py:86: 
_ _ _ _ _ _ _ _ _ _ _ _ _ _ _ _ _ _ _ _ _ _ _ _ _ _ _ _ _ _ _ _ _ _ _ _ _ _ _ _ 

document = {'version': 1, 'release_id': '2026-10-07-synthetic', 'source_version': inf, 'inventory_sha256': '55870cafd69ac5f7f62e0fa9b13bac06a748a9ef74a6f9a4100367ddd7937c67', ...}
schema = None

    def check(document, schema=None):
        validator = getattr(contracts, "validate_contract_document", None)
>       assert callable(validator), "Independent raw JSON Schema validator is missing"
E       AssertionError: Independent raw JSON Schema validator is missing
E       assert False
E        +  where False = callable(None)

datamgmt/tests/unit/test_contract_schema_validation.py:13: AssertionError
_____________ test_yaml_only_values_are_not_json_instances[value3] _____________

contract_doc = {'version': 1, 'release_id': '2026-10-07-synthetic', 'source_version': {'bad'}, 'inventory_sha256': '55870cafd69ac5f7f62e0fa9b13bac06a748a9ef74a6f9a4100367ddd7937c67', ...}
value = {'bad'}

    @pytest.mark.parametrize("value", [b"synthetic", float("nan"), float("inf"), {"bad"}, ("bad",)])
    def test_yaml_only_values_are_not_json_instances(contract_doc, value):
        contract_doc["source_version"] = value
        with pytest.raises(contracts.ContractError):
>           check(contract_doc)

datamgmt/tests/unit/test_contract_schema_validation.py:86: 
_ _ _ _ _ _ _ _ _ _ _ _ _ _ _ _ _ _ _ _ _ _ _ _ _ _ _ _ _ _ _ _ _ _ _ _ _ _ _ _ 

document = {'version': 1, 'release_id': '2026-10-07-synthetic', 'source_version': {'bad'}, 'inventory_sha256': '55870cafd69ac5f7f62e0fa9b13bac06a748a9ef74a6f9a4100367ddd7937c67', ...}
schema = None

    def check(document, schema=None):
        validator = getattr(contracts, "validate_contract_document", None)
>       assert callable(validator), "Independent raw JSON Schema validator is missing"
E       AssertionError: Independent raw JSON Schema validator is missing
E       assert False
E        +  where False = callable(None)

datamgmt/tests/unit/test_contract_schema_validation.py:13: AssertionError
_____________ test_yaml_only_values_are_not_json_instances[value4] _____________

contract_doc = {'version': 1, 'release_id': '2026-10-07-synthetic', 'source_version': ('bad',), 'inventory_sha256': '55870cafd69ac5f7f62e0fa9b13bac06a748a9ef74a6f9a4100367ddd7937c67', ...}
value = ('bad',)

    @pytest.mark.parametrize("value", [b"synthetic", float("nan"), float("inf"), {"bad"}, ("bad",)])
    def test_yaml_only_values_are_not_json_instances(contract_doc, value):
        contract_doc["source_version"] = value
        with pytest.raises(contracts.ContractError):
>           check(contract_doc)

datamgmt/tests/unit/test_contract_schema_validation.py:86: 
_ _ _ _ _ _ _ _ _ _ _ _ _ _ _ _ _ _ _ _ _ _ _ _ _ _ _ _ _ _ _ _ _ _ _ _ _ _ _ _ 

document = {'version': 1, 'release_id': '2026-10-07-synthetic', 'source_version': ('bad',), 'inventory_sha256': '55870cafd69ac5f7f62e0fa9b13bac06a748a9ef74a6f9a4100367ddd7937c67', ...}
schema = None

    def check(document, schema=None):
        validator = getattr(contracts, "validate_contract_document", None)
>       assert callable(validator), "Independent raw JSON Schema validator is missing"
E       AssertionError: Independent raw JSON Schema validator is missing
E       assert False
E        +  where False = callable(None)

datamgmt/tests/unit/test_contract_schema_validation.py:13: AssertionError
___________________ test_nonstring_mapping_keys_are_rejected ___________________

contract_doc = {'version': 1, 'release_id': '2026-10-07-synthetic', 'source_version': 'synthetic-v1', 'inventory_sha256': '55870cafd69ac5f7f62e0fa9b13bac06a748a9ef74a6f9a4100367ddd7937c67', ...}

    def test_nonstring_mapping_keys_are_rejected(contract_doc):
        contract_doc["rules"][0]["selector"][7] = "not-json"
        with pytest.raises(contracts.ContractError):
>           check(contract_doc)

datamgmt/tests/unit/test_contract_schema_validation.py:92: 
_ _ _ _ _ _ _ _ _ _ _ _ _ _ _ _ _ _ _ _ _ _ _ _ _ _ _ _ _ _ _ _ _ _ _ _ _ _ _ _ 

document = {'version': 1, 'release_id': '2026-10-07-synthetic', 'source_version': 'synthetic-v1', 'inventory_sha256': '55870cafd69ac5f7f62e0fa9b13bac06a748a9ef74a6f9a4100367ddd7937c67', ...}
schema = None

    def check(document, schema=None):
        validator = getattr(contracts, "validate_contract_document", None)
>       assert callable(validator), "Independent raw JSON Schema validator is missing"
E       AssertionError: Independent raw JSON Schema validator is missing
E       assert False
E        +  where False = callable(None)

datamgmt/tests/unit/test_contract_schema_validation.py:13: AssertionError
___________________ test_recursive_yaml_document_is_rejected ___________________

contract_doc = {'version': 1, 'release_id': '2026-10-07-synthetic', 'source_version': 'synthetic-v1', 'inventory_sha256': '55870cafd69ac5f7f62e0fa9b13bac06a748a9ef74a6f9a4100367ddd7937c67', ...}

    def test_recursive_yaml_document_is_rejected(contract_doc):
        contract_doc["recursive"] = contract_doc
        with pytest.raises(contracts.ContractError):
>           check(contract_doc)

datamgmt/tests/unit/test_contract_schema_validation.py:98: 
_ _ _ _ _ _ _ _ _ _ _ _ _ _ _ _ _ _ _ _ _ _ _ _ _ _ _ _ _ _ _ _ _ _ _ _ _ _ _ _ 

document = {'version': 1, 'release_id': '2026-10-07-synthetic', 'source_version': 'synthetic-v1', 'inventory_sha256': '55870cafd69ac5f7f62e0fa9b13bac06a748a9ef74a6f9a4100367ddd7937c67', ...}
schema = None

    def check(document, schema=None):
        validator = getattr(contracts, "validate_contract_document", None)
>       assert callable(validator), "Independent raw JSON Schema validator is missing"
E       AssertionError: Independent raw JSON Schema validator is missing
E       assert False
E        +  where False = callable(None)

datamgmt/tests/unit/test_contract_schema_validation.py:13: AssertionError
_________________ test_error_chain_does_not_echo_raw_document __________________

contract_doc = {'version': 1, 'release_id': '2026-10-07-synthetic', 'source_version': {'secret': 'synthetic-must-not-echo'}, 'inventory_sha256': '55870cafd69ac5f7f62e0fa9b13bac06a748a9ef74a6f9a4100367ddd7937c67', ...}

    def test_error_chain_does_not_echo_raw_document(contract_doc):
        contract_doc["source_version"] = {"secret": "synthetic-must-not-echo"}
        with pytest.raises(contracts.ContractError) as error:
>           check(contract_doc)

datamgmt/tests/unit/test_contract_schema_validation.py:104: 
_ _ _ _ _ _ _ _ _ _ _ _ _ _ _ _ _ _ _ _ _ _ _ _ _ _ _ _ _ _ _ _ _ _ _ _ _ _ _ _ 

document = {'version': 1, 'release_id': '2026-10-07-synthetic', 'source_version': {'secret': 'synthetic-must-not-echo'}, 'inventory_sha256': '55870cafd69ac5f7f62e0fa9b13bac06a748a9ef74a6f9a4100367ddd7937c67', ...}
schema = None

    def check(document, schema=None):
        validator = getattr(contracts, "validate_contract_document", None)
>       assert callable(validator), "Independent raw JSON Schema validator is missing"
E       AssertionError: Independent raw JSON Schema validator is missing
E       assert False
E        +  where False = callable(None)

datamgmt/tests/unit/test_contract_schema_validation.py:13: AssertionError
_________ test_loader_runs_schema_on_raw_document_before_model[.json] __________

contract_doc = {'version': 1, 'release_id': '2026-10-07-synthetic', 'source_version': 'synthetic-v1', 'inventory_sha256': '55870cafd69ac5f7f62e0fa9b13bac06a748a9ef74a6f9a4100367ddd7937c67', ...}
tmp_path = PosixPath('/tmp/pytest-of-xiangrugu/pytest-0/test_loader_runs_schema_on_raw0')
monkeypatch = <_pytest.monkeypatch.MonkeyPatch object at 0x7f10d7988b10>
suffix = '.json'

    @pytest.mark.parametrize("suffix", [".json", ".yaml"])
    def test_loader_runs_schema_on_raw_document_before_model(contract_doc, tmp_path, monkeypatch, suffix):
        path = tmp_path / ("contract" + suffix)
        path.write_text(json.dumps(contract_doc) if suffix == ".json" else yaml.safe_dump(contract_doc))
        validator = getattr(contracts, "validate_contract_document", None)
>       assert callable(validator), "Independent raw JSON Schema validator is missing"
E       AssertionError: Independent raw JSON Schema validator is missing
E       assert False
E        +  where False = callable(None)

datamgmt/tests/unit/test_contract_schema_validation.py:115: AssertionError
_________ test_loader_runs_schema_on_raw_document_before_model[.yaml] __________

contract_doc = {'version': 1, 'release_id': '2026-10-07-synthetic', 'source_version': 'synthetic-v1', 'inventory_sha256': '55870cafd69ac5f7f62e0fa9b13bac06a748a9ef74a6f9a4100367ddd7937c67', ...}
tmp_path = PosixPath('/tmp/pytest-of-xiangrugu/pytest-0/test_loader_runs_schema_on_raw1')
monkeypatch = <_pytest.monkeypatch.MonkeyPatch object at 0x7f10d77a6ed0>
suffix = '.yaml'

    @pytest.mark.parametrize("suffix", [".json", ".yaml"])
    def test_loader_runs_schema_on_raw_document_before_model(contract_doc, tmp_path, monkeypatch, suffix):
        path = tmp_path / ("contract" + suffix)
        path.write_text(json.dumps(contract_doc) if suffix == ".json" else yaml.safe_dump(contract_doc))
        validator = getattr(contracts, "validate_contract_document", None)
>       assert callable(validator), "Independent raw JSON Schema validator is missing"
E       AssertionError: Independent raw JSON Schema validator is missing
E       assert False
E        +  where False = callable(None)

datamgmt/tests/unit/test_contract_schema_validation.py:115: AssertionError
__________________ test_schema_pass_does_not_bypass_semantics __________________

contract_doc = {'version': 1, 'release_id': '2026-10-07-synthetic', 'source_version': 'synthetic-v1', 'inventory_sha256': '55870cafd69ac5f7f62e0fa9b13bac06a748a9ef74a6f9a4100367ddd7937c67', ...}
tmp_path = PosixPath('/tmp/pytest-of-xiangrugu/pytest-0/test_schema_pass_does_not_bypa0')

    def test_schema_pass_does_not_bypass_semantics(contract_doc, tmp_path):
        contract_doc["rules"][0]["encodings"][0]["codec"] = "synthetic-not-a-codec"
>       check(contract_doc)

datamgmt/tests/unit/test_contract_schema_validation.py:130: 
_ _ _ _ _ _ _ _ _ _ _ _ _ _ _ _ _ _ _ _ _ _ _ _ _ _ _ _ _ _ _ _ _ _ _ _ _ _ _ _ 

document = {'version': 1, 'release_id': '2026-10-07-synthetic', 'source_version': 'synthetic-v1', 'inventory_sha256': '55870cafd69ac5f7f62e0fa9b13bac06a748a9ef74a6f9a4100367ddd7937c67', ...}
schema = None

    def check(document, schema=None):
        validator = getattr(contracts, "validate_contract_document", None)
>       assert callable(validator), "Independent raw JSON Schema validator is missing"
E       AssertionError: Independent raw JSON Schema validator is missing
E       assert False
E        +  where False = callable(None)

datamgmt/tests/unit/test_contract_schema_validation.py:13: AssertionError
=========================== short test summary info ============================
FAILED datamgmt/tests/unit/test_contract_schema_validation.py::test_exported_schema_validates_raw_fixture_without_model
FAILED datamgmt/tests/unit/test_contract_schema_validation.py::test_raw_schema_rejects_structural_errors[missing]
FAILED datamgmt/tests/unit/test_contract_schema_validation.py::test_raw_schema_rejects_structural_errors[type]
FAILED datamgmt/tests/unit/test_contract_schema_validation.py::test_raw_schema_rejects_structural_errors[extra]
FAILED datamgmt/tests/unit/test_contract_schema_validation.py::test_raw_schema_rejects_structural_errors[digest]
FAILED datamgmt/tests/unit/test_contract_schema_validation.py::test_raw_schema_rejects_structural_errors[nested_extra]
FAILED datamgmt/tests/unit/test_contract_schema_validation.py::test_raw_schema_rejects_structural_errors[bool_count]
FAILED datamgmt/tests/unit/test_contract_schema_validation.py::test_raw_schema_rejects_structural_errors[empty_rules]
FAILED datamgmt/tests/unit/test_contract_schema_validation.py::test_invalid_or_other_draft_schema_fails_closed[schema0]
FAILED datamgmt/tests/unit/test_contract_schema_validation.py::test_invalid_or_other_draft_schema_fails_closed[schema1]
FAILED datamgmt/tests/unit/test_contract_schema_validation.py::test_invalid_or_other_draft_schema_fails_closed[schema2]
FAILED datamgmt/tests/unit/test_contract_schema_validation.py::test_external_references_rejected_even_in_unused_definitions[$ref-https://example.invalid/schema]
FAILED datamgmt/tests/unit/test_contract_schema_validation.py::test_external_references_rejected_even_in_unused_definitions[$ref-file:///tmp/schema]
FAILED datamgmt/tests/unit/test_contract_schema_validation.py::test_external_references_rejected_even_in_unused_definitions[$ref-other.json]
FAILED datamgmt/tests/unit/test_contract_schema_validation.py::test_external_references_rejected_even_in_unused_definitions[$ref-//example.invalid/schema]
FAILED datamgmt/tests/unit/test_contract_schema_validation.py::test_external_references_rejected_even_in_unused_definitions[$dynamicRef-https://example.invalid/schema]
FAILED datamgmt/tests/unit/test_contract_schema_validation.py::test_external_references_rejected_even_in_unused_definitions[$dynamicRef-file:///tmp/schema]
FAILED datamgmt/tests/unit/test_contract_schema_validation.py::test_external_references_rejected_even_in_unused_definitions[$dynamicRef-other.json]
FAILED datamgmt/tests/unit/test_contract_schema_validation.py::test_external_references_rejected_even_in_unused_definitions[$dynamicRef-//example.invalid/schema]
FAILED datamgmt/tests/unit/test_contract_schema_validation.py::test_schema_id_cannot_rebase_local_references
FAILED datamgmt/tests/unit/test_contract_schema_validation.py::test_broken_local_reference_is_sanitized
FAILED datamgmt/tests/unit/test_contract_schema_validation.py::test_yaml_only_values_are_not_json_instances[synthetic]
FAILED datamgmt/tests/unit/test_contract_schema_validation.py::test_yaml_only_values_are_not_json_instances[nan]
FAILED datamgmt/tests/unit/test_contract_schema_validation.py::test_yaml_only_values_are_not_json_instances[inf]
FAILED datamgmt/tests/unit/test_contract_schema_validation.py::test_yaml_only_values_are_not_json_instances[value3]
FAILED datamgmt/tests/unit/test_contract_schema_validation.py::test_yaml_only_values_are_not_json_instances[value4]
FAILED datamgmt/tests/unit/test_contract_schema_validation.py::test_nonstring_mapping_keys_are_rejected
FAILED datamgmt/tests/unit/test_contract_schema_validation.py::test_recursive_yaml_document_is_rejected
FAILED datamgmt/tests/unit/test_contract_schema_validation.py::test_error_chain_does_not_echo_raw_document
FAILED datamgmt/tests/unit/test_contract_schema_validation.py::test_loader_runs_schema_on_raw_document_before_model[.json]
FAILED datamgmt/tests/unit/test_contract_schema_validation.py::test_loader_runs_schema_on_raw_document_before_model[.yaml]
FAILED datamgmt/tests/unit/test_contract_schema_validation.py::test_schema_pass_does_not_bypass_semantics
32 failed in 0.43s
